================================================================================
🚀 STEP 1: INITIALIZING HARDWARE ACCELERATION
================================================================================
 -> Detected Apple Silicon GPU! Utilizing MPS (Metal Performance Shaders) backend.
    This offloads heavy matrix calculations from the CPU to the GPU cores.

================================================================================
🚀 STEP 2: EXTRACTING AND SPLITTING DATASET (PREVENTING DATA LEAKAGE)
================================================================================
 -> Querying SQLite database for all labeled site-level results...
 -> Successfully fetched 1,822,707 sites from the database.
 -> Split Stats:
    - Total unique genes: 2973
    - Training: 2378 genes (1,455,440 sites)
    - Validation: 595 genes (367,267 sites)
 -> Class Balance:
    - Positive Sites (under selection): 25,878
    - Negative Sites (conserved/neutral): 1,429,562
    - Calculated pos_weight coefficient: 55.24
      (Errors on positive sites will be penalized close to 65x more than negative ones)

================================================================================
🚀 STEP 3: CREATING PYTORCH DATA LOADERS
================================================================================
 -> Training Batches: 11370 (Batch Size: 128)
 -> Validation Batches: 2870 (Batch Size: 128)

================================================================================
🚀 STEP 4: INSTANTIATING MODEL, OPTIMIZER, AND LOSS FUNCTION
================================================================================

================================================================================
🚀 STEP 5: TRAINING LOOP STARTING
================================================================================

--- 🌟 STARTING EPOCH 1/5 ---
  Batch 50/11370 | Loss: 1.5502 | Tree Scales: [1.002, 0.998, 0.998, 1.002]
  Batch 100/11370 | Loss: 2.1455 | Tree Scales: [1.010, 0.996, 0.999, 1.007]
  Batch 150/11370 | Loss: 0.5993 | Tree Scales: [1.016, 0.996, 1.002, 1.010]
  Batch 200/11370 | Loss: 1.2406 | Tree Scales: [1.019, 0.996, 1.005, 1.016]
  Batch 250/11370 | Loss: 1.2479 | Tree Scales: [1.022, 1.005, 1.001, 1.017]
  Batch 300/11370 | Loss: 1.1486 | Tree Scales: [1.021, 1.016, 1.007, 1.017]
  Batch 350/11370 | Loss: 1.1827 | Tree Scales: [1.031, 1.018, 1.014, 1.021]
  Batch 400/11370 | Loss: 1.2279 | Tree Scales: [1.035, 1.029, 1.012, 1.023]
  Batch 450/11370 | Loss: 1.5597 | Tree Scales: [1.041, 1.036, 1.032, 1.047]
  Batch 500/11370 | Loss: 0.7830 | Tree Scales: [1.052, 1.034, 1.053, 1.049]
  Batch 550/11370 | Loss: 1.3126 | Tree Scales: [1.074, 1.070, 1.070, 1.085]
  Batch 600/11370 | Loss: 1.1008 | Tree Scales: [1.073, 1.063, 1.073, 1.077]
  Batch 650/11370 | Loss: 1.3396 | Tree Scales: [1.066, 1.064, 1.083, 1.079]
  Batch 700/11370 | Loss: 0.7480 | Tree Scales: [1.065, 1.068, 1.086, 1.081]
  Batch 750/11370 | Loss: 1.0986 | Tree Scales: [1.065, 1.069, 1.087, 1.078]
  Batch 800/11370 | Loss: 1.5406 | Tree Scales: [1.069, 1.077, 1.087, 1.074]
  Batch 850/11370 | Loss: 0.8796 | Tree Scales: [1.071, 1.076, 1.088, 1.067]
  Batch 900/11370 | Loss: 1.3269 | Tree Scales: [1.071, 1.079, 1.087, 1.075]
  Batch 950/11370 | Loss: 1.2528 | Tree Scales: [1.072, 1.076, 1.082, 1.074]
  Batch 1000/11370 | Loss: 1.1506 | Tree Scales: [1.076, 1.096, 1.083, 1.115]
  Batch 1050/11370 | Loss: 1.3590 | Tree Scales: [1.100, 1.111, 1.089, 1.124]
  Batch 1100/11370 | Loss: 1.4045 | Tree Scales: [1.100, 1.103, 1.091, 1.115]
  Batch 1150/11370 | Loss: 0.8120 | Tree Scales: [1.087, 1.121, 1.081, 1.127]
  Batch 1200/11370 | Loss: 1.1720 | Tree Scales: [1.092, 1.125, 1.081, 1.133]
  Batch 1250/11370 | Loss: 1.0723 | Tree Scales: [1.078, 1.132, 1.080, 1.125]
  Batch 1300/11370 | Loss: 1.2376 | Tree Scales: [1.078, 1.127, 1.074, 1.122]
  Batch 1350/11370 | Loss: 1.0933 | Tree Scales: [1.073, 1.131, 1.076, 1.115]
  Batch 1400/11370 | Loss: 0.9716 | Tree Scales: [1.077, 1.132, 1.077, 1.115]
  Batch 1450/11370 | Loss: 0.5273 | Tree Scales: [1.072, 1.130, 1.079, 1.108]
  Batch 1500/11370 | Loss: 1.0817 | Tree Scales: [1.064, 1.129, 1.078, 1.105]
  Batch 1550/11370 | Loss: 1.2351 | Tree Scales: [1.061, 1.138, 1.081, 1.111]
  Batch 1600/11370 | Loss: 1.1912 | Tree Scales: [1.068, 1.140, 1.082, 1.114]
  Batch 1650/11370 | Loss: 1.3401 | Tree Scales: [1.068, 1.139, 1.088, 1.107]
  Batch 1700/11370 | Loss: 1.1578 | Tree Scales: [1.068, 1.135, 1.079, 1.094]
  Batch 1750/11370 | Loss: 0.9147 | Tree Scales: [1.073, 1.135, 1.089, 1.095]
  Batch 1800/11370 | Loss: 0.6915 | Tree Scales: [1.075, 1.140, 1.077, 1.103]
  Batch 1850/11370 | Loss: 1.5659 | Tree Scales: [1.084, 1.144, 1.079, 1.117]
  Batch 1900/11370 | Loss: 1.5842 | Tree Scales: [1.083, 1.138, 1.090, 1.117]
  Batch 1950/11370 | Loss: 1.5140 | Tree Scales: [1.090, 1.136, 1.093, 1.117]
  Batch 2000/11370 | Loss: 1.6024 | Tree Scales: [1.086, 1.135, 1.092, 1.121]
  Batch 2050/11370 | Loss: 2.2390 | Tree Scales: [1.088, 1.146, 1.113, 1.148]
  Batch 2100/11370 | Loss: 1.0636 | Tree Scales: [1.088, 1.147, 1.115, 1.147]
  Batch 2150/11370 | Loss: 0.5358 | Tree Scales: [1.086, 1.149, 1.116, 1.145]
  Batch 2200/11370 | Loss: 0.9181 | Tree Scales: [1.083, 1.148, 1.125, 1.146]
  Batch 2250/11370 | Loss: 0.9228 | Tree Scales: [1.074, 1.149, 1.126, 1.151]
  Batch 2300/11370 | Loss: 1.3718 | Tree Scales: [1.075, 1.152, 1.120, 1.154]
  Batch 2350/11370 | Loss: 0.7645 | Tree Scales: [1.072, 1.145, 1.116, 1.155]
  Batch 2400/11370 | Loss: 0.9830 | Tree Scales: [1.071, 1.145, 1.110, 1.156]
  Batch 2450/11370 | Loss: 0.9905 | Tree Scales: [1.088, 1.178, 1.110, 1.151]
  Batch 2500/11370 | Loss: 2.2350 | Tree Scales: [1.071, 1.185, 1.111, 1.145]
  Batch 2550/11370 | Loss: 0.9186 | Tree Scales: [1.057, 1.174, 1.123, 1.143]
  Batch 2600/11370 | Loss: 0.9473 | Tree Scales: [1.051, 1.167, 1.123, 1.137]
  Batch 2650/11370 | Loss: 0.7849 | Tree Scales: [1.055, 1.184, 1.123, 1.143]
  Batch 2700/11370 | Loss: 1.4268 | Tree Scales: [1.062, 1.192, 1.126, 1.146]
  Batch 2750/11370 | Loss: 1.3418 | Tree Scales: [1.063, 1.192, 1.127, 1.144]
  Batch 2800/11370 | Loss: 1.0988 | Tree Scales: [1.059, 1.195, 1.130, 1.151]
  Batch 2850/11370 | Loss: 0.6701 | Tree Scales: [1.073, 1.193, 1.128, 1.150]
  Batch 2900/11370 | Loss: 0.6636 | Tree Scales: [1.077, 1.195, 1.126, 1.151]
  Batch 2950/11370 | Loss: 0.8313 | Tree Scales: [1.077, 1.194, 1.139, 1.151]
  Batch 3000/11370 | Loss: 1.5894 | Tree Scales: [1.080, 1.189, 1.138, 1.149]
  Batch 3050/11370 | Loss: 1.1367 | Tree Scales: [1.074, 1.183, 1.135, 1.147]
  Batch 3100/11370 | Loss: 2.1708 | Tree Scales: [1.083, 1.176, 1.128, 1.149]
  Batch 3150/11370 | Loss: 1.0136 | Tree Scales: [1.082, 1.174, 1.130, 1.149]
  Batch 3200/11370 | Loss: 1.1176 | Tree Scales: [1.083, 1.169, 1.128, 1.153]
  Batch 3250/11370 | Loss: 0.9014 | Tree Scales: [1.074, 1.170, 1.132, 1.150]
  Batch 3300/11370 | Loss: 2.2017 | Tree Scales: [1.068, 1.175, 1.130, 1.152]
  Batch 3350/11370 | Loss: 0.8886 | Tree Scales: [1.067, 1.169, 1.147, 1.156]
  Batch 3400/11370 | Loss: 0.8140 | Tree Scales: [1.075, 1.164, 1.149, 1.158]
  Batch 3450/11370 | Loss: 0.6898 | Tree Scales: [1.072, 1.156, 1.155, 1.163]
  Batch 3500/11370 | Loss: 2.6650 | Tree Scales: [1.061, 1.156, 1.157, 1.159]
  Batch 3550/11370 | Loss: 0.7958 | Tree Scales: [1.054, 1.152, 1.156, 1.158]
  Batch 3600/11370 | Loss: 0.8028 | Tree Scales: [1.062, 1.152, 1.153, 1.159]
  Batch 3650/11370 | Loss: 0.5273 | Tree Scales: [1.062, 1.149, 1.152, 1.161]
  Batch 3700/11370 | Loss: 1.8829 | Tree Scales: [1.058, 1.143, 1.150, 1.164]
  Batch 3750/11370 | Loss: 0.9773 | Tree Scales: [1.052, 1.144, 1.152, 1.160]
  Batch 3800/11370 | Loss: 0.6754 | Tree Scales: [1.055, 1.147, 1.155, 1.163]
  Batch 3850/11370 | Loss: 1.0063 | Tree Scales: [1.058, 1.144, 1.155, 1.164]
  Batch 3900/11370 | Loss: 1.2981 | Tree Scales: [1.055, 1.147, 1.168, 1.166]
  Batch 3950/11370 | Loss: 1.2586 | Tree Scales: [1.052, 1.147, 1.168, 1.163]
  Batch 4000/11370 | Loss: 1.0111 | Tree Scales: [1.055, 1.146, 1.168, 1.164]
  Batch 4050/11370 | Loss: 2.1156 | Tree Scales: [1.056, 1.150, 1.170, 1.165]
  Batch 4100/11370 | Loss: 1.4685 | Tree Scales: [1.068, 1.151, 1.169, 1.164]
  Batch 4150/11370 | Loss: 2.0473 | Tree Scales: [1.066, 1.144, 1.160, 1.176]
  Batch 4200/11370 | Loss: 0.6135 | Tree Scales: [1.065, 1.136, 1.156, 1.169]
  Batch 4250/11370 | Loss: 1.3753 | Tree Scales: [1.078, 1.128, 1.150, 1.168]
  Batch 4300/11370 | Loss: 0.8114 | Tree Scales: [1.081, 1.123, 1.143, 1.169]
  Batch 4350/11370 | Loss: 0.9919 | Tree Scales: [1.074, 1.127, 1.143, 1.161]
  Batch 4400/11370 | Loss: 1.6526 | Tree Scales: [1.069, 1.135, 1.141, 1.166]
  Batch 4450/11370 | Loss: 0.9487 | Tree Scales: [1.070, 1.157, 1.139, 1.158]
  Batch 4500/11370 | Loss: 1.3826 | Tree Scales: [1.043, 1.157, 1.144, 1.158]
  Batch 4550/11370 | Loss: 0.7982 | Tree Scales: [1.044, 1.155, 1.137, 1.162]
  Batch 4600/11370 | Loss: 1.5759 | Tree Scales: [1.059, 1.149, 1.134, 1.164]
  Batch 4650/11370 | Loss: 1.5810 | Tree Scales: [1.046, 1.138, 1.157, 1.159]
  Batch 4700/11370 | Loss: 2.0367 | Tree Scales: [1.036, 1.140, 1.151, 1.164]
  Batch 4750/11370 | Loss: 0.6079 | Tree Scales: [1.037, 1.145, 1.148, 1.164]
  Batch 4800/11370 | Loss: 1.2639 | Tree Scales: [1.033, 1.139, 1.145, 1.164]
  Batch 4850/11370 | Loss: 0.5188 | Tree Scales: [1.032, 1.136, 1.141, 1.172]
  Batch 4900/11370 | Loss: 0.6462 | Tree Scales: [1.030, 1.138, 1.141, 1.174]
  Batch 4950/11370 | Loss: 1.0290 | Tree Scales: [1.019, 1.149, 1.154, 1.186]
  Batch 5000/11370 | Loss: 1.0012 | Tree Scales: [1.008, 1.138, 1.152, 1.176]
  Batch 5050/11370 | Loss: 0.6999 | Tree Scales: [1.002, 1.134, 1.138, 1.159]
  Batch 5100/11370 | Loss: 0.9496 | Tree Scales: [0.999, 1.141, 1.140, 1.158]
  Batch 5150/11370 | Loss: 0.8264 | Tree Scales: [1.000, 1.145, 1.148, 1.155]
  Batch 5200/11370 | Loss: 0.7823 | Tree Scales: [1.002, 1.140, 1.153, 1.160]
  Batch 5250/11370 | Loss: 1.1154 | Tree Scales: [1.004, 1.142, 1.153, 1.170]
  Batch 5300/11370 | Loss: 1.1330 | Tree Scales: [1.003, 1.137, 1.157, 1.167]
  Batch 5350/11370 | Loss: 1.1080 | Tree Scales: [0.999, 1.135, 1.156, 1.169]
  Batch 5400/11370 | Loss: 0.5186 | Tree Scales: [0.992, 1.130, 1.156, 1.167]
  Batch 5450/11370 | Loss: 1.0507 | Tree Scales: [0.987, 1.118, 1.146, 1.171]
  Batch 5500/11370 | Loss: 1.3955 | Tree Scales: [0.974, 1.114, 1.148, 1.175]
  Batch 5550/11370 | Loss: 0.6152 | Tree Scales: [0.960, 1.110, 1.137, 1.173]
  Batch 5600/11370 | Loss: 1.4893 | Tree Scales: [0.953, 1.109, 1.134, 1.165]
  Batch 5650/11370 | Loss: 0.4869 | Tree Scales: [0.952, 1.115, 1.153, 1.153]
  Batch 5700/11370 | Loss: 0.8662 | Tree Scales: [0.958, 1.113, 1.159, 1.143]
  Batch 5750/11370 | Loss: 1.7447 | Tree Scales: [0.965, 1.113, 1.173, 1.157]
  Batch 5800/11370 | Loss: 1.9542 | Tree Scales: [0.967, 1.107, 1.179, 1.155]
  Batch 5850/11370 | Loss: 0.6783 | Tree Scales: [0.959, 1.103, 1.179, 1.153]
  Batch 5900/11370 | Loss: 1.5782 | Tree Scales: [0.981, 1.108, 1.210, 1.147]
  Batch 5950/11370 | Loss: 0.6033 | Tree Scales: [0.986, 1.106, 1.212, 1.136]
  Batch 6000/11370 | Loss: 0.9059 | Tree Scales: [0.985, 1.101, 1.216, 1.120]
  Batch 6050/11370 | Loss: 0.8983 | Tree Scales: [0.982, 1.109, 1.221, 1.122]
  Batch 6100/11370 | Loss: 1.5202 | Tree Scales: [0.991, 1.128, 1.221, 1.126]
  Batch 6150/11370 | Loss: 1.7625 | Tree Scales: [0.988, 1.135, 1.218, 1.118]
  Batch 6200/11370 | Loss: 1.5854 | Tree Scales: [0.986, 1.137, 1.221, 1.115]
  Batch 6250/11370 | Loss: 1.5348 | Tree Scales: [0.990, 1.133, 1.232, 1.123]
  Batch 6300/11370 | Loss: 1.4194 | Tree Scales: [0.995, 1.139, 1.233, 1.130]
  Batch 6350/11370 | Loss: 1.4725 | Tree Scales: [0.988, 1.147, 1.237, 1.129]
  Batch 6400/11370 | Loss: 1.3791 | Tree Scales: [0.991, 1.151, 1.240, 1.114]
  Batch 6450/11370 | Loss: 1.1009 | Tree Scales: [0.990, 1.156, 1.242, 1.110]
  Batch 6500/11370 | Loss: 0.7043 | Tree Scales: [0.985, 1.157, 1.244, 1.110]
  Batch 6550/11370 | Loss: 1.1729 | Tree Scales: [0.983, 1.155, 1.233, 1.104]
  Batch 6600/11370 | Loss: 1.1008 | Tree Scales: [0.992, 1.156, 1.227, 1.109]
  Batch 6650/11370 | Loss: 1.2846 | Tree Scales: [0.997, 1.157, 1.229, 1.108]
  Batch 6700/11370 | Loss: 1.0259 | Tree Scales: [0.996, 1.150, 1.225, 1.118]
  Batch 6750/11370 | Loss: 0.8134 | Tree Scales: [0.986, 1.138, 1.222, 1.128]
  Batch 6800/11370 | Loss: 1.2984 | Tree Scales: [0.984, 1.135, 1.242, 1.129]
  Batch 6850/11370 | Loss: 0.9619 | Tree Scales: [0.992, 1.136, 1.241, 1.124]
  Batch 6900/11370 | Loss: 0.4730 | Tree Scales: [0.999, 1.141, 1.240, 1.129]
  Batch 6950/11370 | Loss: 0.4948 | Tree Scales: [0.979, 1.134, 1.251, 1.128]
  Batch 7000/11370 | Loss: 1.2744 | Tree Scales: [0.984, 1.140, 1.240, 1.133]
  Batch 7050/11370 | Loss: 1.0161 | Tree Scales: [0.979, 1.154, 1.236, 1.128]
  Batch 7100/11370 | Loss: 0.9605 | Tree Scales: [0.979, 1.160, 1.236, 1.119]
  Batch 7150/11370 | Loss: 1.7523 | Tree Scales: [0.976, 1.160, 1.241, 1.112]
  Batch 7200/11370 | Loss: 2.4290 | Tree Scales: [0.984, 1.184, 1.241, 1.113]
  Batch 7250/11370 | Loss: 0.7619 | Tree Scales: [0.986, 1.201, 1.245, 1.115]
  Batch 7300/11370 | Loss: 0.9626 | Tree Scales: [0.985, 1.206, 1.234, 1.116]
  Batch 7350/11370 | Loss: 1.8873 | Tree Scales: [0.991, 1.204, 1.221, 1.117]
  Batch 7400/11370 | Loss: 0.9146 | Tree Scales: [0.989, 1.197, 1.221, 1.113]
  Batch 7450/11370 | Loss: 1.5236 | Tree Scales: [0.986, 1.213, 1.225, 1.120]
  Batch 7500/11370 | Loss: 1.5070 | Tree Scales: [0.982, 1.213, 1.225, 1.129]
  Batch 7550/11370 | Loss: 0.7110 | Tree Scales: [0.982, 1.215, 1.237, 1.126]
  Batch 7600/11370 | Loss: 1.0987 | Tree Scales: [0.983, 1.216, 1.232, 1.125]
  Batch 7650/11370 | Loss: 1.0994 | Tree Scales: [0.981, 1.212, 1.230, 1.121]
  Batch 7700/11370 | Loss: 0.8456 | Tree Scales: [0.988, 1.218, 1.231, 1.124]
  Batch 7750/11370 | Loss: 0.8385 | Tree Scales: [0.986, 1.209, 1.223, 1.128]
  Batch 7800/11370 | Loss: 1.0871 | Tree Scales: [1.000, 1.198, 1.245, 1.143]
  Batch 7850/11370 | Loss: 0.5654 | Tree Scales: [0.993, 1.207, 1.257, 1.145]
  Batch 7900/11370 | Loss: 1.0582 | Tree Scales: [0.993, 1.216, 1.261, 1.144]
  Batch 7950/11370 | Loss: 1.6296 | Tree Scales: [0.983, 1.218, 1.264, 1.139]
  Batch 8000/11370 | Loss: 1.2315 | Tree Scales: [0.983, 1.219, 1.258, 1.135]
  Batch 8050/11370 | Loss: 1.1753 | Tree Scales: [0.980, 1.231, 1.241, 1.135]
  Batch 8100/11370 | Loss: 1.2386 | Tree Scales: [0.970, 1.241, 1.236, 1.135]
  Batch 8150/11370 | Loss: 0.8784 | Tree Scales: [0.972, 1.241, 1.236, 1.127]
  Batch 8200/11370 | Loss: 0.8763 | Tree Scales: [0.978, 1.237, 1.235, 1.122]
  Batch 8250/11370 | Loss: 0.6742 | Tree Scales: [0.985, 1.237, 1.237, 1.130]
  Batch 8300/11370 | Loss: 0.6084 | Tree Scales: [0.981, 1.240, 1.229, 1.126]
  Batch 8350/11370 | Loss: 1.6046 | Tree Scales: [0.980, 1.242, 1.229, 1.111]
  Batch 8400/11370 | Loss: 1.5564 | Tree Scales: [0.976, 1.266, 1.238, 1.093]
  Batch 8450/11370 | Loss: 0.9490 | Tree Scales: [0.975, 1.268, 1.238, 1.089]
  Batch 8500/11370 | Loss: 1.6027 | Tree Scales: [0.970, 1.261, 1.233, 1.091]
  Batch 8550/11370 | Loss: 0.7200 | Tree Scales: [0.973, 1.259, 1.213, 1.095]
  Batch 8600/11370 | Loss: 1.2279 | Tree Scales: [0.975, 1.281, 1.220, 1.108]
  Batch 8650/11370 | Loss: 2.0616 | Tree Scales: [0.964, 1.295, 1.235, 1.116]
  Batch 8700/11370 | Loss: 1.1026 | Tree Scales: [0.964, 1.304, 1.230, 1.115]
  Batch 8750/11370 | Loss: 1.0814 | Tree Scales: [0.956, 1.284, 1.239, 1.099]
  Batch 8800/11370 | Loss: 0.9875 | Tree Scales: [0.958, 1.297, 1.227, 1.104]
  Batch 8850/11370 | Loss: 0.8588 | Tree Scales: [0.950, 1.298, 1.231, 1.100]
  Batch 8900/11370 | Loss: 1.7553 | Tree Scales: [0.960, 1.298, 1.227, 1.095]
  Batch 8950/11370 | Loss: 1.9475 | Tree Scales: [0.958, 1.290, 1.225, 1.096]
  Batch 9000/11370 | Loss: 1.0013 | Tree Scales: [0.957, 1.300, 1.195, 1.100]
  Batch 9050/11370 | Loss: 1.0279 | Tree Scales: [0.944, 1.302, 1.209, 1.088]
  Batch 9100/11370 | Loss: 1.2254 | Tree Scales: [0.942, 1.306, 1.210, 1.090]
  Batch 9150/11370 | Loss: 0.8982 | Tree Scales: [0.947, 1.298, 1.226, 1.088]
  Batch 9200/11370 | Loss: 0.7019 | Tree Scales: [0.952, 1.297, 1.229, 1.089]
  Batch 9250/11370 | Loss: 1.0775 | Tree Scales: [0.949, 1.296, 1.226, 1.085]
  Batch 9300/11370 | Loss: 0.8084 | Tree Scales: [0.946, 1.299, 1.225, 1.074]
  Batch 9350/11370 | Loss: 1.4210 | Tree Scales: [0.945, 1.301, 1.229, 1.093]
  Batch 9400/11370 | Loss: 1.0313 | Tree Scales: [0.952, 1.298, 1.243, 1.089]
  Batch 9450/11370 | Loss: 0.4237 | Tree Scales: [0.956, 1.313, 1.237, 1.087]
  Batch 9500/11370 | Loss: 1.4355 | Tree Scales: [0.952, 1.316, 1.232, 1.088]
  Batch 9550/11370 | Loss: 2.4872 | Tree Scales: [0.954, 1.318, 1.230, 1.091]
  Batch 9600/11370 | Loss: 0.7901 | Tree Scales: [0.965, 1.315, 1.233, 1.083]
  Batch 9650/11370 | Loss: 0.8449 | Tree Scales: [0.966, 1.313, 1.237, 1.073]
  Batch 9700/11370 | Loss: 1.0004 | Tree Scales: [0.964, 1.315, 1.242, 1.076]
  Batch 9750/11370 | Loss: 0.8141 | Tree Scales: [0.966, 1.315, 1.241, 1.106]
  Batch 9800/11370 | Loss: 1.2663 | Tree Scales: [0.963, 1.318, 1.242, 1.107]
  Batch 9850/11370 | Loss: 2.3432 | Tree Scales: [0.963, 1.314, 1.238, 1.099]
  Batch 9900/11370 | Loss: 1.3555 | Tree Scales: [0.966, 1.315, 1.241, 1.107]
  Batch 9950/11370 | Loss: 0.9570 | Tree Scales: [0.964, 1.319, 1.239, 1.104]
  Batch 10000/11370 | Loss: 1.0819 | Tree Scales: [0.966, 1.319, 1.243, 1.100]
  Batch 10050/11370 | Loss: 1.2184 | Tree Scales: [0.967, 1.318, 1.243, 1.089]
  Batch 10100/11370 | Loss: 1.1023 | Tree Scales: [0.965, 1.319, 1.241, 1.090]
  Batch 10150/11370 | Loss: 2.0615 | Tree Scales: [0.979, 1.319, 1.239, 1.079]
  Batch 10200/11370 | Loss: 1.2922 | Tree Scales: [0.984, 1.314, 1.249, 1.075]
  Batch 10250/11370 | Loss: 0.9672 | Tree Scales: [0.978, 1.311, 1.249, 1.064]
  Batch 10300/11370 | Loss: 2.1408 | Tree Scales: [0.982, 1.321, 1.254, 1.053]
  Batch 10350/11370 | Loss: 0.7596 | Tree Scales: [1.009, 1.323, 1.255, 1.047]
  Batch 10400/11370 | Loss: 1.3829 | Tree Scales: [1.009, 1.319, 1.264, 1.056]
  Batch 10450/11370 | Loss: 3.7183 | Tree Scales: [1.004, 1.319, 1.263, 1.063]
  Batch 10500/11370 | Loss: 0.7261 | Tree Scales: [1.000, 1.324, 1.270, 1.071]
  Batch 10550/11370 | Loss: 1.8091 | Tree Scales: [1.014, 1.323, 1.267, 1.071]
  Batch 10600/11370 | Loss: 0.8135 | Tree Scales: [1.022, 1.321, 1.268, 1.067]
  Batch 10650/11370 | Loss: 1.7204 | Tree Scales: [1.025, 1.326, 1.264, 1.076]
  Batch 10700/11370 | Loss: 1.3701 | Tree Scales: [1.021, 1.340, 1.256, 1.076]
  Batch 10750/11370 | Loss: 1.0970 | Tree Scales: [1.015, 1.352, 1.253, 1.072]
  Batch 10800/11370 | Loss: 1.5808 | Tree Scales: [1.024, 1.349, 1.250, 1.077]
  Batch 10850/11370 | Loss: 0.8867 | Tree Scales: [1.024, 1.375, 1.254, 1.083]
  Batch 10900/11370 | Loss: 2.1218 | Tree Scales: [1.024, 1.372, 1.256, 1.099]
  Batch 10950/11370 | Loss: 1.4909 | Tree Scales: [1.028, 1.369, 1.258, 1.132]
  Batch 11000/11370 | Loss: 0.7670 | Tree Scales: [1.030, 1.369, 1.274, 1.132]
  Batch 11050/11370 | Loss: 0.7043 | Tree Scales: [1.032, 1.380, 1.282, 1.134]
  Batch 11100/11370 | Loss: 1.1569 | Tree Scales: [1.037, 1.401, 1.291, 1.121]
  Batch 11150/11370 | Loss: 1.2123 | Tree Scales: [1.038, 1.417, 1.296, 1.120]
  Batch 11200/11370 | Loss: 1.8906 | Tree Scales: [1.047, 1.412, 1.293, 1.116]
  Batch 11250/11370 | Loss: 0.8509 | Tree Scales: [1.051, 1.435, 1.303, 1.118]
  Batch 11300/11370 | Loss: 1.2878 | Tree Scales: [1.065, 1.453, 1.309, 1.120]
  Batch 11350/11370 | Loss: 2.0452 | Tree Scales: [1.064, 1.450, 1.305, 1.122]

 -> Epoch 1 training complete. Running validation evaluation...

📈 Epoch 1 Metrics Summary:
  - Average Training Loss: 1.2165 (lower is better)
  - Validation ROC AUC: 0.7615 (ranges 0.5 to 1.0, random guess is 0.5)
  - Validation PR AUC (Average Precision): 0.0733 (random baseline is 0.0178)
  💾 SUCCESS: Saved new best model checkpoint to 'selection_transformer_best.pt' (PR AUC improved to 0.0733)

--- 🌟 STARTING EPOCH 2/5 ---
  Batch 50/11370 | Loss: 1.4816 | Tree Scales: [1.054, 1.441, 1.301, 1.130]
  Batch 100/11370 | Loss: 1.5426 | Tree Scales: [1.055, 1.448, 1.319, 1.136]
  Batch 150/11370 | Loss: 1.8400 | Tree Scales: [1.048, 1.428, 1.314, 1.138]
  Batch 200/11370 | Loss: 1.4393 | Tree Scales: [1.048, 1.422, 1.303, 1.136]
  Batch 250/11370 | Loss: 0.5846 | Tree Scales: [1.044, 1.422, 1.305, 1.138]
  Batch 300/11370 | Loss: 0.5473 | Tree Scales: [1.052, 1.432, 1.298, 1.132]
  Batch 350/11370 | Loss: 1.3523 | Tree Scales: [1.059, 1.431, 1.308, 1.132]
  Batch 400/11370 | Loss: 1.2885 | Tree Scales: [1.064, 1.439, 1.319, 1.130]
  Batch 450/11370 | Loss: 0.8496 | Tree Scales: [1.063, 1.446, 1.321, 1.121]
  Batch 500/11370 | Loss: 1.7853 | Tree Scales: [1.065, 1.431, 1.314, 1.123]
  Batch 550/11370 | Loss: 1.1115 | Tree Scales: [1.057, 1.433, 1.308, 1.119]
  Batch 600/11370 | Loss: 1.4059 | Tree Scales: [1.051, 1.443, 1.304, 1.113]
  Batch 650/11370 | Loss: 1.2190 | Tree Scales: [1.053, 1.459, 1.305, 1.090]
  Batch 700/11370 | Loss: 0.8566 | Tree Scales: [1.058, 1.455, 1.305, 1.081]
  Batch 750/11370 | Loss: 0.4502 | Tree Scales: [1.066, 1.455, 1.298, 1.058]
  Batch 800/11370 | Loss: 1.4461 | Tree Scales: [1.066, 1.460, 1.299, 1.052]
  Batch 850/11370 | Loss: 1.3979 | Tree Scales: [1.066, 1.455, 1.302, 1.052]
  Batch 900/11370 | Loss: 1.6932 | Tree Scales: [1.067, 1.440, 1.302, 1.053]
  Batch 950/11370 | Loss: 1.7431 | Tree Scales: [1.066, 1.449, 1.305, 1.055]
  Batch 1000/11370 | Loss: 1.4868 | Tree Scales: [1.064, 1.445, 1.314, 1.051]
  Batch 1050/11370 | Loss: 0.9796 | Tree Scales: [1.066, 1.429, 1.335, 1.055]
  Batch 1100/11370 | Loss: 1.7856 | Tree Scales: [1.066, 1.427, 1.337, 1.054]
  Batch 1150/11370 | Loss: 1.3662 | Tree Scales: [1.062, 1.422, 1.349, 1.054]
  Batch 1200/11370 | Loss: 0.7072 | Tree Scales: [1.057, 1.417, 1.344, 1.051]
  Batch 1250/11370 | Loss: 1.7012 | Tree Scales: [1.047, 1.419, 1.344, 1.050]
  Batch 1300/11370 | Loss: 1.7323 | Tree Scales: [1.041, 1.415, 1.348, 1.049]
  Batch 1350/11370 | Loss: 0.7996 | Tree Scales: [1.036, 1.430, 1.350, 1.049]
  Batch 1400/11370 | Loss: 0.5398 | Tree Scales: [1.038, 1.427, 1.366, 1.051]
  Batch 1450/11370 | Loss: 1.1452 | Tree Scales: [1.042, 1.433, 1.382, 1.055]
  Batch 1500/11370 | Loss: 1.9698 | Tree Scales: [1.036, 1.431, 1.378, 1.060]
  Batch 1550/11370 | Loss: 1.2688 | Tree Scales: [1.034, 1.431, 1.374, 1.061]
  Batch 1600/11370 | Loss: 0.5567 | Tree Scales: [1.031, 1.430, 1.366, 1.064]
  Batch 1650/11370 | Loss: 0.9394 | Tree Scales: [1.026, 1.436, 1.344, 1.063]
  Batch 1700/11370 | Loss: 0.6243 | Tree Scales: [1.019, 1.448, 1.326, 1.056]
  Batch 1750/11370 | Loss: 1.3743 | Tree Scales: [1.017, 1.443, 1.324, 1.059]
  Batch 1800/11370 | Loss: 1.0649 | Tree Scales: [1.019, 1.444, 1.323, 1.057]
  Batch 1850/11370 | Loss: 1.2523 | Tree Scales: [1.018, 1.452, 1.315, 1.054]
  Batch 1900/11370 | Loss: 1.3348 | Tree Scales: [1.013, 1.447, 1.314, 1.048]
  Batch 1950/11370 | Loss: 0.9179 | Tree Scales: [1.005, 1.441, 1.309, 1.044]
  Batch 2000/11370 | Loss: 1.8453 | Tree Scales: [1.002, 1.442, 1.312, 1.039]
  Batch 2050/11370 | Loss: 0.7732 | Tree Scales: [1.008, 1.433, 1.309, 1.043]
  Batch 2100/11370 | Loss: 0.7139 | Tree Scales: [1.010, 1.415, 1.305, 1.042]
  Batch 2150/11370 | Loss: 0.8019 | Tree Scales: [1.012, 1.405, 1.304, 1.045]
  Batch 2200/11370 | Loss: 0.7470 | Tree Scales: [1.006, 1.397, 1.304, 1.043]
  Batch 2250/11370 | Loss: 0.6750 | Tree Scales: [1.003, 1.399, 1.305, 1.046]
  Batch 2300/11370 | Loss: 1.2247 | Tree Scales: [0.991, 1.411, 1.301, 1.061]
  Batch 2350/11370 | Loss: 1.7130 | Tree Scales: [0.984, 1.421, 1.295, 1.067]
  Batch 2400/11370 | Loss: 1.1858 | Tree Scales: [0.991, 1.427, 1.289, 1.067]
  Batch 2450/11370 | Loss: 1.3663 | Tree Scales: [0.983, 1.431, 1.295, 1.061]
  Batch 2500/11370 | Loss: 1.2356 | Tree Scales: [0.985, 1.425, 1.295, 1.061]
  Batch 2550/11370 | Loss: 0.8925 | Tree Scales: [0.983, 1.427, 1.298, 1.065]
  Batch 2600/11370 | Loss: 1.6433 | Tree Scales: [0.988, 1.413, 1.291, 1.057]
  Batch 2650/11370 | Loss: 0.8912 | Tree Scales: [0.992, 1.400, 1.290, 1.059]
  Batch 2700/11370 | Loss: 0.7082 | Tree Scales: [0.989, 1.404, 1.288, 1.054]
  Batch 2750/11370 | Loss: 1.1722 | Tree Scales: [0.980, 1.394, 1.280, 1.056]
  Batch 2800/11370 | Loss: 1.0013 | Tree Scales: [0.971, 1.392, 1.284, 1.057]
  Batch 2850/11370 | Loss: 1.3638 | Tree Scales: [0.977, 1.417, 1.282, 1.051]
  Batch 2900/11370 | Loss: 0.9773 | Tree Scales: [0.978, 1.415, 1.278, 1.050]
  Batch 2950/11370 | Loss: 1.0964 | Tree Scales: [0.973, 1.398, 1.264, 1.038]
  Batch 3000/11370 | Loss: 0.5370 | Tree Scales: [0.974, 1.394, 1.251, 1.036]
  Batch 3050/11370 | Loss: 0.7748 | Tree Scales: [0.979, 1.391, 1.251, 1.038]
  Batch 3100/11370 | Loss: 1.6717 | Tree Scales: [0.978, 1.373, 1.247, 1.038]
  Batch 3150/11370 | Loss: 1.2167 | Tree Scales: [0.983, 1.363, 1.245, 1.043]
  Batch 3200/11370 | Loss: 0.9752 | Tree Scales: [0.983, 1.364, 1.246, 1.045]
  Batch 3250/11370 | Loss: 1.0116 | Tree Scales: [0.980, 1.353, 1.250, 1.041]
  Batch 3300/11370 | Loss: 1.8218 | Tree Scales: [0.974, 1.351, 1.244, 1.043]
  Batch 3350/11370 | Loss: 1.8146 | Tree Scales: [0.973, 1.353, 1.242, 1.040]
  Batch 3400/11370 | Loss: 1.7049 | Tree Scales: [0.964, 1.362, 1.256, 1.029]
  Batch 3450/11370 | Loss: 1.4332 | Tree Scales: [0.962, 1.351, 1.264, 1.029]
  Batch 3500/11370 | Loss: 0.6545 | Tree Scales: [0.956, 1.351, 1.268, 1.028]
  Batch 3550/11370 | Loss: 1.5796 | Tree Scales: [0.959, 1.352, 1.271, 1.029]
  Batch 3600/11370 | Loss: 2.5940 | Tree Scales: [0.957, 1.345, 1.286, 1.032]
  Batch 3650/11370 | Loss: 0.9427 | Tree Scales: [0.957, 1.361, 1.288, 1.030]
  Batch 3700/11370 | Loss: 1.5143 | Tree Scales: [0.954, 1.365, 1.287, 1.033]
  Batch 3750/11370 | Loss: 1.0651 | Tree Scales: [0.964, 1.363, 1.283, 1.030]
  Batch 3800/11370 | Loss: 1.0187 | Tree Scales: [0.973, 1.375, 1.272, 1.027]
  Batch 3850/11370 | Loss: 0.9297 | Tree Scales: [0.975, 1.372, 1.278, 1.023]
  Batch 3900/11370 | Loss: 0.4940 | Tree Scales: [0.975, 1.371, 1.274, 1.018]
  Batch 3950/11370 | Loss: 1.0857 | Tree Scales: [0.974, 1.386, 1.286, 1.011]
  Batch 4000/11370 | Loss: 1.3471 | Tree Scales: [0.971, 1.378, 1.291, 1.015]
  Batch 4050/11370 | Loss: 2.0979 | Tree Scales: [0.961, 1.374, 1.288, 1.023]
  Batch 4100/11370 | Loss: 1.8491 | Tree Scales: [0.966, 1.368, 1.274, 1.021]
  Batch 4150/11370 | Loss: 0.8730 | Tree Scales: [0.969, 1.370, 1.274, 1.028]
  Batch 4200/11370 | Loss: 1.0298 | Tree Scales: [0.971, 1.375, 1.280, 1.035]
  Batch 4250/11370 | Loss: 0.8095 | Tree Scales: [0.969, 1.384, 1.275, 1.029]
  Batch 4300/11370 | Loss: 1.8552 | Tree Scales: [0.969, 1.384, 1.273, 1.031]
  Batch 4350/11370 | Loss: 0.6848 | Tree Scales: [0.980, 1.405, 1.277, 1.012]
  Batch 4400/11370 | Loss: 1.0240 | Tree Scales: [0.959, 1.411, 1.297, 1.014]
  Batch 4450/11370 | Loss: 1.1117 | Tree Scales: [0.960, 1.412, 1.297, 1.020]
  Batch 4500/11370 | Loss: 0.5417 | Tree Scales: [0.957, 1.414, 1.286, 1.017]
  Batch 4550/11370 | Loss: 0.6913 | Tree Scales: [0.965, 1.408, 1.290, 1.010]
  Batch 4600/11370 | Loss: 1.2299 | Tree Scales: [0.957, 1.410, 1.306, 1.010]
  Batch 4650/11370 | Loss: 1.6180 | Tree Scales: [0.945, 1.407, 1.307, 1.005]
  Batch 4700/11370 | Loss: 1.4566 | Tree Scales: [0.939, 1.418, 1.304, 0.998]
  Batch 4750/11370 | Loss: 0.5150 | Tree Scales: [0.936, 1.425, 1.310, 0.997]
  Batch 4800/11370 | Loss: 1.4922 | Tree Scales: [0.932, 1.426, 1.303, 0.997]
  Batch 4850/11370 | Loss: 1.1076 | Tree Scales: [0.937, 1.428, 1.290, 0.998]
  Batch 4900/11370 | Loss: 1.2633 | Tree Scales: [0.941, 1.449, 1.286, 0.999]
  Batch 4950/11370 | Loss: 1.4427 | Tree Scales: [0.939, 1.453, 1.277, 0.995]
  Batch 5000/11370 | Loss: 1.0985 | Tree Scales: [0.943, 1.443, 1.274, 0.994]
  Batch 5050/11370 | Loss: 1.2121 | Tree Scales: [0.941, 1.428, 1.281, 0.990]
  Batch 5100/11370 | Loss: 0.5708 | Tree Scales: [0.953, 1.405, 1.286, 0.995]
  Batch 5150/11370 | Loss: 1.5779 | Tree Scales: [0.954, 1.403, 1.290, 0.992]
  Batch 5200/11370 | Loss: 0.5600 | Tree Scales: [0.953, 1.407, 1.284, 0.991]
  Batch 5250/11370 | Loss: 1.1215 | Tree Scales: [0.950, 1.398, 1.269, 0.993]
  Batch 5300/11370 | Loss: 1.3580 | Tree Scales: [0.945, 1.382, 1.262, 0.992]
  Batch 5350/11370 | Loss: 0.9036 | Tree Scales: [0.939, 1.380, 1.270, 0.990]
  Batch 5400/11370 | Loss: 1.4878 | Tree Scales: [0.939, 1.392, 1.269, 0.990]
  Batch 5450/11370 | Loss: 0.6916 | Tree Scales: [0.937, 1.397, 1.272, 0.992]
  Batch 5500/11370 | Loss: 0.9195 | Tree Scales: [0.939, 1.398, 1.273, 0.991]
  Batch 5550/11370 | Loss: 0.6770 | Tree Scales: [0.937, 1.392, 1.266, 0.991]
  Batch 5600/11370 | Loss: 0.8145 | Tree Scales: [0.936, 1.373, 1.264, 0.993]
  Batch 5650/11370 | Loss: 1.3345 | Tree Scales: [0.946, 1.366, 1.258, 0.998]
  Batch 5700/11370 | Loss: 1.5886 | Tree Scales: [0.948, 1.360, 1.259, 0.995]
  Batch 5750/11370 | Loss: 0.7601 | Tree Scales: [0.947, 1.365, 1.260, 0.996]
  Batch 5800/11370 | Loss: 1.1290 | Tree Scales: [0.953, 1.345, 1.266, 1.002]
  Batch 5850/11370 | Loss: 1.1349 | Tree Scales: [0.953, 1.339, 1.239, 1.017]
  Batch 5900/11370 | Loss: 1.6573 | Tree Scales: [0.957, 1.340, 1.251, 1.012]
  Batch 5950/11370 | Loss: 0.5595 | Tree Scales: [0.955, 1.338, 1.257, 1.014]
  Batch 6000/11370 | Loss: 1.9005 | Tree Scales: [0.960, 1.334, 1.253, 1.017]
  Batch 6050/11370 | Loss: 0.6514 | Tree Scales: [0.958, 1.336, 1.253, 1.014]
  Batch 6100/11370 | Loss: 1.1725 | Tree Scales: [0.956, 1.331, 1.244, 1.014]
  Batch 6150/11370 | Loss: 1.2934 | Tree Scales: [0.964, 1.327, 1.245, 1.012]
  Batch 6200/11370 | Loss: 1.9275 | Tree Scales: [0.964, 1.330, 1.249, 1.012]
  Batch 6250/11370 | Loss: 0.8114 | Tree Scales: [0.953, 1.323, 1.245, 1.012]
  Batch 6300/11370 | Loss: 1.0284 | Tree Scales: [0.949, 1.323, 1.242, 1.015]
  Batch 6350/11370 | Loss: 0.5870 | Tree Scales: [0.959, 1.322, 1.257, 1.014]
  Batch 6400/11370 | Loss: 0.6901 | Tree Scales: [0.966, 1.325, 1.279, 1.024]
  Batch 6450/11370 | Loss: 1.2138 | Tree Scales: [0.974, 1.332, 1.286, 1.026]
  Batch 6500/11370 | Loss: 0.7562 | Tree Scales: [0.978, 1.327, 1.294, 1.026]
  Batch 6550/11370 | Loss: 0.5868 | Tree Scales: [0.985, 1.312, 1.284, 1.028]
  Batch 6600/11370 | Loss: 0.9469 | Tree Scales: [0.985, 1.302, 1.304, 1.029]
  Batch 6650/11370 | Loss: 0.5829 | Tree Scales: [0.982, 1.282, 1.299, 1.026]
  Batch 6700/11370 | Loss: 1.0201 | Tree Scales: [0.985, 1.291, 1.300, 1.021]
  Batch 6750/11370 | Loss: 0.5237 | Tree Scales: [0.988, 1.299, 1.305, 1.015]
  Batch 6800/11370 | Loss: 0.7212 | Tree Scales: [0.987, 1.293, 1.307, 1.013]
  Batch 6850/11370 | Loss: 0.9340 | Tree Scales: [0.974, 1.287, 1.313, 1.007]
  Batch 6900/11370 | Loss: 1.2414 | Tree Scales: [0.970, 1.279, 1.307, 1.005]
  Batch 6950/11370 | Loss: 0.7297 | Tree Scales: [0.964, 1.270, 1.306, 1.008]
  Batch 7000/11370 | Loss: 1.7800 | Tree Scales: [0.963, 1.271, 1.303, 1.010]
  Batch 7050/11370 | Loss: 0.7146 | Tree Scales: [0.959, 1.266, 1.303, 1.022]
  Batch 7100/11370 | Loss: 1.4172 | Tree Scales: [0.955, 1.273, 1.296, 1.025]
  Batch 7150/11370 | Loss: 3.0106 | Tree Scales: [0.960, 1.259, 1.300, 1.033]
  Batch 7200/11370 | Loss: 1.1279 | Tree Scales: [0.964, 1.258, 1.299, 1.034]
  Batch 7250/11370 | Loss: 0.7895 | Tree Scales: [0.968, 1.261, 1.271, 1.036]
  Batch 7300/11370 | Loss: 1.8842 | Tree Scales: [0.967, 1.271, 1.287, 1.044]
  Batch 7350/11370 | Loss: 0.6773 | Tree Scales: [0.965, 1.276, 1.288, 1.048]
  Batch 7400/11370 | Loss: 1.3751 | Tree Scales: [0.976, 1.271, 1.283, 1.045]
  Batch 7450/11370 | Loss: 1.9738 | Tree Scales: [0.991, 1.276, 1.296, 1.053]
  Batch 7500/11370 | Loss: 0.7887 | Tree Scales: [0.993, 1.278, 1.281, 1.040]
  Batch 7550/11370 | Loss: 0.6709 | Tree Scales: [0.991, 1.260, 1.289, 1.043]
  Batch 7600/11370 | Loss: 0.7581 | Tree Scales: [0.991, 1.272, 1.284, 1.033]
  Batch 7650/11370 | Loss: 0.5121 | Tree Scales: [0.996, 1.283, 1.277, 1.021]
  Batch 7700/11370 | Loss: 0.8992 | Tree Scales: [0.992, 1.288, 1.273, 1.002]
  Batch 7750/11370 | Loss: 0.6331 | Tree Scales: [0.992, 1.282, 1.275, 1.002]
  Batch 7800/11370 | Loss: 0.7069 | Tree Scales: [0.993, 1.277, 1.277, 1.007]
  Batch 7850/11370 | Loss: 1.7785 | Tree Scales: [0.994, 1.271, 1.281, 1.011]
  Batch 7900/11370 | Loss: 1.0341 | Tree Scales: [1.004, 1.274, 1.281, 1.019]
  Batch 7950/11370 | Loss: 1.7535 | Tree Scales: [1.000, 1.269, 1.289, 1.019]
  Batch 8000/11370 | Loss: 1.3412 | Tree Scales: [1.012, 1.272, 1.265, 1.020]
  Batch 8050/11370 | Loss: 1.8104 | Tree Scales: [1.006, 1.271, 1.258, 1.020]
  Batch 8100/11370 | Loss: 0.8088 | Tree Scales: [1.001, 1.271, 1.256, 1.019]
  Batch 8150/11370 | Loss: 1.2930 | Tree Scales: [0.998, 1.266, 1.249, 1.017]
  Batch 8200/11370 | Loss: 1.5378 | Tree Scales: [0.990, 1.262, 1.242, 1.011]
  Batch 8250/11370 | Loss: 0.7640 | Tree Scales: [0.984, 1.264, 1.239, 1.010]
  Batch 8300/11370 | Loss: 0.9308 | Tree Scales: [0.984, 1.261, 1.236, 1.007]
  Batch 8350/11370 | Loss: 1.2027 | Tree Scales: [0.984, 1.255, 1.223, 1.012]
  Batch 8400/11370 | Loss: 0.7028 | Tree Scales: [0.982, 1.258, 1.220, 1.012]
  Batch 8450/11370 | Loss: 1.3283 | Tree Scales: [0.984, 1.257, 1.223, 1.011]
  Batch 8500/11370 | Loss: 0.9828 | Tree Scales: [0.985, 1.252, 1.221, 1.006]
  Batch 8550/11370 | Loss: 1.3410 | Tree Scales: [0.990, 1.255, 1.223, 1.002]
  Batch 8600/11370 | Loss: 1.1770 | Tree Scales: [0.991, 1.257, 1.227, 1.004]
  Batch 8650/11370 | Loss: 0.7073 | Tree Scales: [0.989, 1.256, 1.229, 0.996]
  Batch 8700/11370 | Loss: 1.5827 | Tree Scales: [0.982, 1.259, 1.233, 0.995]
  Batch 8750/11370 | Loss: 1.1730 | Tree Scales: [0.981, 1.274, 1.239, 0.991]
  Batch 8800/11370 | Loss: 0.5782 | Tree Scales: [0.985, 1.276, 1.242, 0.994]
  Batch 8850/11370 | Loss: 1.1044 | Tree Scales: [0.972, 1.270, 1.242, 0.994]
  Batch 8900/11370 | Loss: 1.3393 | Tree Scales: [0.972, 1.267, 1.239, 0.985]
  Batch 8950/11370 | Loss: 0.8705 | Tree Scales: [0.987, 1.274, 1.223, 0.978]
  Batch 9000/11370 | Loss: 1.5478 | Tree Scales: [0.991, 1.281, 1.224, 0.978]
  Batch 9050/11370 | Loss: 1.4330 | Tree Scales: [0.996, 1.275, 1.228, 0.982]
  Batch 9100/11370 | Loss: 1.6946 | Tree Scales: [0.997, 1.270, 1.219, 0.984]
  Batch 9150/11370 | Loss: 0.9206 | Tree Scales: [0.992, 1.264, 1.216, 0.984]
  Batch 9200/11370 | Loss: 1.4225 | Tree Scales: [0.997, 1.270, 1.214, 0.982]
  Batch 9250/11370 | Loss: 0.5298 | Tree Scales: [0.996, 1.264, 1.216, 0.982]
  Batch 9300/11370 | Loss: 1.8624 | Tree Scales: [0.993, 1.268, 1.242, 0.986]
  Batch 9350/11370 | Loss: 1.4615 | Tree Scales: [0.984, 1.273, 1.247, 0.986]
  Batch 9400/11370 | Loss: 0.8252 | Tree Scales: [0.983, 1.274, 1.245, 0.985]
  Batch 9450/11370 | Loss: 1.6419 | Tree Scales: [0.981, 1.275, 1.246, 0.983]
  Batch 9500/11370 | Loss: 1.5997 | Tree Scales: [0.983, 1.275, 1.249, 0.982]
  Batch 9550/11370 | Loss: 1.0598 | Tree Scales: [0.983, 1.284, 1.250, 0.979]
  Batch 9600/11370 | Loss: 1.2348 | Tree Scales: [0.963, 1.282, 1.251, 0.980]
  Batch 9650/11370 | Loss: 1.0561 | Tree Scales: [0.945, 1.279, 1.249, 0.977]
  Batch 9700/11370 | Loss: 1.0976 | Tree Scales: [0.949, 1.296, 1.246, 0.972]
  Batch 9750/11370 | Loss: 0.6823 | Tree Scales: [0.949, 1.282, 1.254, 0.968]
  Batch 9800/11370 | Loss: 1.3539 | Tree Scales: [0.943, 1.285, 1.249, 0.971]
  Batch 9850/11370 | Loss: 0.7388 | Tree Scales: [0.946, 1.275, 1.256, 0.979]
  Batch 9900/11370 | Loss: 1.1822 | Tree Scales: [0.942, 1.266, 1.248, 0.997]
  Batch 9950/11370 | Loss: 1.8344 | Tree Scales: [0.930, 1.267, 1.254, 0.995]
  Batch 10000/11370 | Loss: 0.7038 | Tree Scales: [0.926, 1.278, 1.257, 1.004]
  Batch 10050/11370 | Loss: 0.5825 | Tree Scales: [0.924, 1.274, 1.264, 1.002]
  Batch 10100/11370 | Loss: 1.3286 | Tree Scales: [0.924, 1.272, 1.272, 1.000]
  Batch 10150/11370 | Loss: 0.6330 | Tree Scales: [0.928, 1.269, 1.272, 1.001]
  Batch 10200/11370 | Loss: 0.4460 | Tree Scales: [0.938, 1.270, 1.266, 1.000]
  Batch 10250/11370 | Loss: 1.8365 | Tree Scales: [0.931, 1.280, 1.266, 0.999]
  Batch 10300/11370 | Loss: 1.1547 | Tree Scales: [0.929, 1.281, 1.253, 0.996]
  Batch 10350/11370 | Loss: 0.5869 | Tree Scales: [0.933, 1.283, 1.240, 0.995]
  Batch 10400/11370 | Loss: 0.8101 | Tree Scales: [0.926, 1.294, 1.235, 0.992]
  Batch 10450/11370 | Loss: 0.7776 | Tree Scales: [0.926, 1.309, 1.234, 0.991]
  Batch 10500/11370 | Loss: 0.8983 | Tree Scales: [0.925, 1.303, 1.235, 0.986]
  Batch 10550/11370 | Loss: 1.1218 | Tree Scales: [0.922, 1.298, 1.236, 0.980]
  Batch 10600/11370 | Loss: 0.9589 | Tree Scales: [0.925, 1.292, 1.257, 0.980]
  Batch 10650/11370 | Loss: 0.7951 | Tree Scales: [0.924, 1.292, 1.267, 0.977]
  Batch 10700/11370 | Loss: 0.8263 | Tree Scales: [0.921, 1.303, 1.269, 0.976]
  Batch 10750/11370 | Loss: 1.2288 | Tree Scales: [0.921, 1.285, 1.269, 0.983]
  Batch 10800/11370 | Loss: 0.4456 | Tree Scales: [0.923, 1.292, 1.270, 0.980]
  Batch 10850/11370 | Loss: 1.6562 | Tree Scales: [0.931, 1.294, 1.265, 0.979]
  Batch 10900/11370 | Loss: 1.2829 | Tree Scales: [0.928, 1.288, 1.265, 0.986]
  Batch 10950/11370 | Loss: 0.9477 | Tree Scales: [0.927, 1.255, 1.263, 0.991]
  Batch 11000/11370 | Loss: 0.5299 | Tree Scales: [0.926, 1.258, 1.259, 0.999]
  Batch 11050/11370 | Loss: 0.8248 | Tree Scales: [0.920, 1.258, 1.271, 1.012]
  Batch 11100/11370 | Loss: 0.7876 | Tree Scales: [0.920, 1.248, 1.269, 1.013]
  Batch 11150/11370 | Loss: 2.1193 | Tree Scales: [0.918, 1.240, 1.270, 1.023]
  Batch 11200/11370 | Loss: 0.6892 | Tree Scales: [0.916, 1.238, 1.272, 1.025]
  Batch 11250/11370 | Loss: 1.0977 | Tree Scales: [0.922, 1.245, 1.270, 1.020]
  Batch 11300/11370 | Loss: 0.5029 | Tree Scales: [0.921, 1.240, 1.268, 1.014]
  Batch 11350/11370 | Loss: 1.4011 | Tree Scales: [0.925, 1.228, 1.264, 1.012]

 -> Epoch 2 training complete. Running validation evaluation...

📈 Epoch 2 Metrics Summary:
  - Average Training Loss: 1.1398 (lower is better)
  - Validation ROC AUC: 0.8197 (ranges 0.5 to 1.0, random guess is 0.5)
  - Validation PR AUC (Average Precision): 0.1292 (random baseline is 0.0178)
  💾 SUCCESS: Saved new best model checkpoint to 'selection_transformer_best.pt' (PR AUC improved to 0.1292)

--- 🌟 STARTING EPOCH 3/5 ---
  Batch 50/11370 | Loss: 1.5438 | Tree Scales: [0.934, 1.229, 1.244, 1.010]
  Batch 100/11370 | Loss: 0.5317 | Tree Scales: [0.943, 1.229, 1.246, 1.019]
  Batch 150/11370 | Loss: 0.5639 | Tree Scales: [0.939, 1.228, 1.247, 1.020]
  Batch 200/11370 | Loss: 1.6799 | Tree Scales: [0.941, 1.205, 1.235, 1.022]
  Batch 250/11370 | Loss: 1.0701 | Tree Scales: [0.946, 1.191, 1.234, 1.021]
  Batch 300/11370 | Loss: 1.0905 | Tree Scales: [0.944, 1.199, 1.241, 1.023]
  Batch 350/11370 | Loss: 0.5922 | Tree Scales: [0.934, 1.194, 1.235, 1.030]
  Batch 400/11370 | Loss: 1.9744 | Tree Scales: [0.932, 1.199, 1.244, 1.042]
  Batch 450/11370 | Loss: 0.6644 | Tree Scales: [0.927, 1.197, 1.240, 1.049]
  Batch 500/11370 | Loss: 0.9517 | Tree Scales: [0.926, 1.198, 1.240, 1.040]
  Batch 550/11370 | Loss: 0.5896 | Tree Scales: [0.925, 1.199, 1.249, 1.041]
  Batch 600/11370 | Loss: 1.5921 | Tree Scales: [0.924, 1.196, 1.246, 1.033]
  Batch 650/11370 | Loss: 1.6908 | Tree Scales: [0.939, 1.177, 1.219, 1.050]
  Batch 700/11370 | Loss: 1.1825 | Tree Scales: [0.945, 1.173, 1.215, 1.079]
  Batch 750/11370 | Loss: 0.7703 | Tree Scales: [0.945, 1.181, 1.211, 1.075]
  Batch 800/11370 | Loss: 1.8356 | Tree Scales: [0.942, 1.178, 1.209, 1.073]
  Batch 850/11370 | Loss: 2.2676 | Tree Scales: [0.945, 1.178, 1.209, 1.079]
  Batch 900/11370 | Loss: 2.1323 | Tree Scales: [0.932, 1.179, 1.210, 1.089]
  Batch 950/11370 | Loss: 2.1377 | Tree Scales: [0.931, 1.181, 1.208, 1.097]
  Batch 1000/11370 | Loss: 0.6596 | Tree Scales: [0.940, 1.170, 1.208, 1.103]
  Batch 1050/11370 | Loss: 1.0404 | Tree Scales: [0.946, 1.172, 1.208, 1.098]
  Batch 1100/11370 | Loss: 0.8985 | Tree Scales: [0.947, 1.160, 1.207, 1.101]
  Batch 1150/11370 | Loss: 0.8462 | Tree Scales: [0.943, 1.161, 1.206, 1.107]
  Batch 1200/11370 | Loss: 1.3809 | Tree Scales: [0.930, 1.156, 1.206, 1.110]
  Batch 1250/11370 | Loss: 1.0137 | Tree Scales: [0.918, 1.154, 1.205, 1.109]
  Batch 1300/11370 | Loss: 1.0321 | Tree Scales: [0.918, 1.151, 1.208, 1.109]
  Batch 1350/11370 | Loss: 0.6275 | Tree Scales: [0.910, 1.155, 1.208, 1.107]
  Batch 1400/11370 | Loss: 0.7391 | Tree Scales: [0.912, 1.154, 1.207, 1.101]
  Batch 1450/11370 | Loss: 0.8765 | Tree Scales: [0.912, 1.158, 1.206, 1.100]
  Batch 1500/11370 | Loss: 0.6898 | Tree Scales: [0.917, 1.166, 1.205, 1.100]
  Batch 1550/11370 | Loss: 1.3047 | Tree Scales: [0.909, 1.168, 1.207, 1.096]
  Batch 1600/11370 | Loss: 0.7470 | Tree Scales: [0.903, 1.149, 1.207, 1.097]
  Batch 1650/11370 | Loss: 1.6402 | Tree Scales: [0.903, 1.145, 1.210, 1.093]
  Batch 1700/11370 | Loss: 0.7632 | Tree Scales: [0.906, 1.134, 1.208, 1.091]
  Batch 1750/11370 | Loss: 1.3388 | Tree Scales: [0.916, 1.139, 1.204, 1.075]
  Batch 1800/11370 | Loss: 0.6312 | Tree Scales: [0.908, 1.137, 1.201, 1.082]
  Batch 1850/11370 | Loss: 1.2645 | Tree Scales: [0.902, 1.138, 1.199, 1.075]
  Batch 1900/11370 | Loss: 0.8882 | Tree Scales: [0.902, 1.148, 1.201, 1.067]
  Batch 1950/11370 | Loss: 0.9001 | Tree Scales: [0.898, 1.152, 1.196, 1.060]
  Batch 2000/11370 | Loss: 0.9717 | Tree Scales: [0.899, 1.150, 1.204, 1.067]
  Batch 2050/11370 | Loss: 0.8684 | Tree Scales: [0.896, 1.149, 1.204, 1.067]
  Batch 2100/11370 | Loss: 1.7011 | Tree Scales: [0.899, 1.158, 1.201, 1.065]
  Batch 2150/11370 | Loss: 1.0951 | Tree Scales: [0.904, 1.160, 1.202, 1.067]
  Batch 2200/11370 | Loss: 1.6755 | Tree Scales: [0.900, 1.164, 1.201, 1.076]
  Batch 2250/11370 | Loss: 1.0784 | Tree Scales: [0.908, 1.159, 1.197, 1.079]
  Batch 2300/11370 | Loss: 0.5756 | Tree Scales: [0.927, 1.154, 1.201, 1.089]
  Batch 2350/11370 | Loss: 0.8047 | Tree Scales: [0.930, 1.155, 1.202, 1.089]
  Batch 2400/11370 | Loss: 0.9642 | Tree Scales: [0.932, 1.151, 1.208, 1.086]
  Batch 2450/11370 | Loss: 1.2914 | Tree Scales: [0.930, 1.146, 1.208, 1.086]
  Batch 2500/11370 | Loss: 0.7995 | Tree Scales: [0.928, 1.150, 1.207, 1.083]
  Batch 2550/11370 | Loss: 0.9870 | Tree Scales: [0.925, 1.143, 1.207, 1.084]
  Batch 2600/11370 | Loss: 1.1148 | Tree Scales: [0.920, 1.150, 1.209, 1.083]
  Batch 2650/11370 | Loss: 0.9738 | Tree Scales: [0.921, 1.157, 1.208, 1.088]
  Batch 2700/11370 | Loss: 2.1745 | Tree Scales: [0.921, 1.162, 1.209, 1.089]
  Batch 2750/11370 | Loss: 0.8157 | Tree Scales: [0.916, 1.159, 1.210, 1.090]
  Batch 2800/11370 | Loss: 1.1221 | Tree Scales: [0.912, 1.156, 1.210, 1.086]
  Batch 2850/11370 | Loss: 1.0695 | Tree Scales: [0.913, 1.155, 1.208, 1.084]
  Batch 2900/11370 | Loss: 0.8189 | Tree Scales: [0.913, 1.151, 1.208, 1.071]
  Batch 2950/11370 | Loss: 1.6570 | Tree Scales: [0.914, 1.147, 1.208, 1.071]
  Batch 3000/11370 | Loss: 1.0472 | Tree Scales: [0.917, 1.146, 1.205, 1.071]
  Batch 3050/11370 | Loss: 1.8239 | Tree Scales: [0.916, 1.141, 1.205, 1.064]
  Batch 3100/11370 | Loss: 1.7074 | Tree Scales: [0.912, 1.140, 1.205, 1.063]
  Batch 3150/11370 | Loss: 1.2240 | Tree Scales: [0.910, 1.141, 1.199, 1.062]
  Batch 3200/11370 | Loss: 0.8939 | Tree Scales: [0.913, 1.138, 1.198, 1.069]
  Batch 3250/11370 | Loss: 0.6593 | Tree Scales: [0.911, 1.141, 1.193, 1.072]
  Batch 3300/11370 | Loss: 0.8037 | Tree Scales: [0.912, 1.152, 1.182, 1.066]
  Batch 3350/11370 | Loss: 1.9998 | Tree Scales: [0.912, 1.159, 1.189, 1.073]
  Batch 3400/11370 | Loss: 1.2390 | Tree Scales: [0.911, 1.150, 1.191, 1.076]
  Batch 3450/11370 | Loss: 2.4158 | Tree Scales: [0.909, 1.153, 1.191, 1.074]
  Batch 3500/11370 | Loss: 1.0066 | Tree Scales: [0.906, 1.152, 1.190, 1.075]
  Batch 3550/11370 | Loss: 0.9613 | Tree Scales: [0.903, 1.155, 1.184, 1.073]
  Batch 3600/11370 | Loss: 0.9947 | Tree Scales: [0.898, 1.155, 1.182, 1.068]
  Batch 3650/11370 | Loss: 1.4509 | Tree Scales: [0.893, 1.149, 1.167, 1.070]
  Batch 3700/11370 | Loss: 0.8320 | Tree Scales: [0.896, 1.147, 1.171, 1.078]
  Batch 3750/11370 | Loss: 1.2729 | Tree Scales: [0.892, 1.153, 1.169, 1.082]
  Batch 3800/11370 | Loss: 0.7024 | Tree Scales: [0.887, 1.155, 1.167, 1.081]
  Batch 3850/11370 | Loss: 0.9719 | Tree Scales: [0.885, 1.160, 1.170, 1.079]
  Batch 3900/11370 | Loss: 1.0823 | Tree Scales: [0.890, 1.153, 1.166, 1.084]
  Batch 3950/11370 | Loss: 1.6258 | Tree Scales: [0.888, 1.148, 1.165, 1.088]
  Batch 4000/11370 | Loss: 0.7531 | Tree Scales: [0.886, 1.146, 1.160, 1.089]
  Batch 4050/11370 | Loss: 0.8558 | Tree Scales: [0.888, 1.139, 1.160, 1.090]
  Batch 4100/11370 | Loss: 1.0225 | Tree Scales: [0.889, 1.134, 1.160, 1.082]
  Batch 4150/11370 | Loss: 1.9587 | Tree Scales: [0.891, 1.135, 1.163, 1.095]
  Batch 4200/11370 | Loss: 1.0923 | Tree Scales: [0.888, 1.140, 1.167, 1.093]
  Batch 4250/11370 | Loss: 0.6607 | Tree Scales: [0.885, 1.140, 1.170, 1.092]
  Batch 4300/11370 | Loss: 0.8332 | Tree Scales: [0.887, 1.146, 1.173, 1.091]
  Batch 4350/11370 | Loss: 1.0452 | Tree Scales: [0.885, 1.148, 1.174, 1.088]
  Batch 4400/11370 | Loss: 0.7371 | Tree Scales: [0.873, 1.126, 1.187, 1.100]
  Batch 4450/11370 | Loss: 1.4949 | Tree Scales: [0.876, 1.125, 1.187, 1.096]
  Batch 4500/11370 | Loss: 1.1945 | Tree Scales: [0.876, 1.126, 1.185, 1.101]
  Batch 4550/11370 | Loss: 0.8426 | Tree Scales: [0.885, 1.131, 1.182, 1.121]
  Batch 4600/11370 | Loss: 0.7465 | Tree Scales: [0.886, 1.131, 1.181, 1.134]
  Batch 4650/11370 | Loss: 0.8126 | Tree Scales: [0.886, 1.136, 1.176, 1.132]
  Batch 4700/11370 | Loss: 0.7052 | Tree Scales: [0.890, 1.138, 1.175, 1.133]
  Batch 4750/11370 | Loss: 1.1954 | Tree Scales: [0.891, 1.141, 1.174, 1.132]
  Batch 4800/11370 | Loss: 1.0004 | Tree Scales: [0.890, 1.133, 1.169, 1.141]
  Batch 4850/11370 | Loss: 1.0399 | Tree Scales: [0.887, 1.132, 1.169, 1.159]
  Batch 4900/11370 | Loss: 0.6866 | Tree Scales: [0.891, 1.135, 1.167, 1.164]
  Batch 4950/11370 | Loss: 0.6478 | Tree Scales: [0.890, 1.141, 1.168, 1.163]
  Batch 5000/11370 | Loss: 1.0723 | Tree Scales: [0.894, 1.141, 1.172, 1.159]
  Batch 5050/11370 | Loss: 1.1372 | Tree Scales: [0.895, 1.140, 1.170, 1.155]
  Batch 5100/11370 | Loss: 0.7812 | Tree Scales: [0.899, 1.150, 1.175, 1.158]
  Batch 5150/11370 | Loss: 0.7807 | Tree Scales: [0.908, 1.158, 1.173, 1.161]
  Batch 5200/11370 | Loss: 1.3873 | Tree Scales: [0.908, 1.156, 1.178, 1.162]
  Batch 5250/11370 | Loss: 1.3525 | Tree Scales: [0.908, 1.157, 1.178, 1.165]
  Batch 5300/11370 | Loss: 1.0693 | Tree Scales: [0.912, 1.168, 1.182, 1.165]
  Batch 5350/11370 | Loss: 0.4809 | Tree Scales: [0.907, 1.167, 1.175, 1.169]
  Batch 5400/11370 | Loss: 1.9090 | Tree Scales: [0.901, 1.173, 1.181, 1.168]
  Batch 5450/11370 | Loss: 0.5193 | Tree Scales: [0.897, 1.174, 1.186, 1.168]
  Batch 5500/11370 | Loss: 1.2631 | Tree Scales: [0.893, 1.170, 1.187, 1.165]
  Batch 5550/11370 | Loss: 1.3794 | Tree Scales: [0.894, 1.173, 1.187, 1.165]
  Batch 5600/11370 | Loss: 2.6758 | Tree Scales: [0.888, 1.164, 1.185, 1.163]
  Batch 5650/11370 | Loss: 0.5487 | Tree Scales: [0.891, 1.164, 1.181, 1.166]
  Batch 5700/11370 | Loss: 0.7237 | Tree Scales: [0.903, 1.179, 1.178, 1.166]
  Batch 5750/11370 | Loss: 0.9398 | Tree Scales: [0.903, 1.175, 1.178, 1.152]
  Batch 5800/11370 | Loss: 0.5758 | Tree Scales: [0.904, 1.174, 1.181, 1.150]
  Batch 5850/11370 | Loss: 1.4133 | Tree Scales: [0.909, 1.170, 1.181, 1.158]
  Batch 5900/11370 | Loss: 1.0054 | Tree Scales: [0.909, 1.171, 1.187, 1.157]
  Batch 5950/11370 | Loss: 1.1161 | Tree Scales: [0.917, 1.164, 1.193, 1.131]
  Batch 6000/11370 | Loss: 1.0855 | Tree Scales: [0.919, 1.165, 1.197, 1.130]
  Batch 6050/11370 | Loss: 1.9617 | Tree Scales: [0.911, 1.179, 1.198, 1.131]
  Batch 6100/11370 | Loss: 0.9448 | Tree Scales: [0.918, 1.189, 1.206, 1.126]
  Batch 6150/11370 | Loss: 0.9738 | Tree Scales: [0.930, 1.190, 1.203, 1.127]
  Batch 6200/11370 | Loss: 0.7164 | Tree Scales: [0.938, 1.184, 1.206, 1.128]
  Batch 6250/11370 | Loss: 1.4077 | Tree Scales: [0.937, 1.177, 1.201, 1.137]
  Batch 6300/11370 | Loss: 0.9080 | Tree Scales: [0.934, 1.173, 1.195, 1.141]
  Batch 6350/11370 | Loss: 1.2995 | Tree Scales: [0.945, 1.175, 1.206, 1.136]
  Batch 6400/11370 | Loss: 0.6967 | Tree Scales: [0.945, 1.176, 1.219, 1.141]
  Batch 6450/11370 | Loss: 1.6784 | Tree Scales: [0.949, 1.172, 1.225, 1.142]
  Batch 6500/11370 | Loss: 0.5947 | Tree Scales: [0.941, 1.168, 1.214, 1.135]
  Batch 6550/11370 | Loss: 0.9710 | Tree Scales: [0.938, 1.168, 1.205, 1.133]
  Batch 6600/11370 | Loss: 0.6882 | Tree Scales: [0.938, 1.165, 1.198, 1.135]
  Batch 6650/11370 | Loss: 0.4986 | Tree Scales: [0.946, 1.160, 1.197, 1.128]
  Batch 6700/11370 | Loss: 0.6999 | Tree Scales: [0.929, 1.163, 1.198, 1.128]
  Batch 6750/11370 | Loss: 0.8649 | Tree Scales: [0.943, 1.171, 1.204, 1.130]
  Batch 6800/11370 | Loss: 1.0211 | Tree Scales: [0.943, 1.172, 1.198, 1.131]
  Batch 6850/11370 | Loss: 0.5136 | Tree Scales: [0.941, 1.168, 1.194, 1.138]
  Batch 6900/11370 | Loss: 0.7232 | Tree Scales: [0.944, 1.170, 1.195, 1.140]
  Batch 6950/11370 | Loss: 1.3493 | Tree Scales: [0.956, 1.163, 1.174, 1.135]
  Batch 7000/11370 | Loss: 0.8374 | Tree Scales: [0.957, 1.152, 1.168, 1.120]
  Batch 7050/11370 | Loss: 0.7220 | Tree Scales: [0.952, 1.148, 1.185, 1.115]
  Batch 7100/11370 | Loss: 0.5766 | Tree Scales: [0.945, 1.159, 1.196, 1.124]
  Batch 7150/11370 | Loss: 0.6567 | Tree Scales: [0.952, 1.163, 1.198, 1.126]
  Batch 7200/11370 | Loss: 1.1980 | Tree Scales: [0.962, 1.162, 1.204, 1.123]
  Batch 7250/11370 | Loss: 1.5117 | Tree Scales: [0.964, 1.161, 1.206, 1.114]
  Batch 7300/11370 | Loss: 0.6375 | Tree Scales: [0.957, 1.152, 1.214, 1.120]
  Batch 7350/11370 | Loss: 0.5212 | Tree Scales: [0.979, 1.143, 1.214, 1.118]
  Batch 7400/11370 | Loss: 0.5049 | Tree Scales: [0.979, 1.147, 1.216, 1.111]
  Batch 7450/11370 | Loss: 0.9302 | Tree Scales: [0.978, 1.141, 1.218, 1.113]
  Batch 7500/11370 | Loss: 1.1400 | Tree Scales: [0.970, 1.146, 1.224, 1.116]
  Batch 7550/11370 | Loss: 1.6640 | Tree Scales: [0.974, 1.146, 1.237, 1.130]
  Batch 7600/11370 | Loss: 1.7468 | Tree Scales: [0.976, 1.144, 1.241, 1.132]
  Batch 7650/11370 | Loss: 1.7126 | Tree Scales: [0.972, 1.139, 1.238, 1.127]
  Batch 7700/11370 | Loss: 1.0377 | Tree Scales: [0.976, 1.141, 1.231, 1.124]
  Batch 7750/11370 | Loss: 1.2023 | Tree Scales: [0.979, 1.138, 1.221, 1.139]
  Batch 7800/11370 | Loss: 1.4229 | Tree Scales: [0.973, 1.134, 1.217, 1.134]
  Batch 7850/11370 | Loss: 0.8052 | Tree Scales: [0.969, 1.146, 1.214, 1.139]
  Batch 7900/11370 | Loss: 0.7004 | Tree Scales: [0.970, 1.142, 1.212, 1.145]
  Batch 7950/11370 | Loss: 0.6697 | Tree Scales: [0.968, 1.135, 1.214, 1.153]
  Batch 8000/11370 | Loss: 1.2154 | Tree Scales: [0.966, 1.139, 1.217, 1.158]
  Batch 8050/11370 | Loss: 1.0058 | Tree Scales: [0.963, 1.146, 1.219, 1.149]
  Batch 8100/11370 | Loss: 1.7447 | Tree Scales: [0.957, 1.154, 1.230, 1.151]
  Batch 8150/11370 | Loss: 1.2816 | Tree Scales: [0.962, 1.153, 1.250, 1.170]
  Batch 8200/11370 | Loss: 2.0148 | Tree Scales: [0.960, 1.150, 1.247, 1.165]
  Batch 8250/11370 | Loss: 1.3957 | Tree Scales: [0.964, 1.144, 1.245, 1.166]
  Batch 8300/11370 | Loss: 0.9570 | Tree Scales: [0.964, 1.142, 1.241, 1.161]
  Batch 8350/11370 | Loss: 0.9213 | Tree Scales: [0.964, 1.133, 1.247, 1.157]
  Batch 8400/11370 | Loss: 0.7357 | Tree Scales: [0.967, 1.132, 1.249, 1.159]
  Batch 8450/11370 | Loss: 0.9769 | Tree Scales: [0.966, 1.120, 1.246, 1.165]
  Batch 8500/11370 | Loss: 1.1815 | Tree Scales: [0.971, 1.130, 1.244, 1.167]
  Batch 8550/11370 | Loss: 0.4407 | Tree Scales: [0.976, 1.127, 1.240, 1.170]
  Batch 8600/11370 | Loss: 1.0649 | Tree Scales: [0.977, 1.134, 1.245, 1.165]
  Batch 8650/11370 | Loss: 0.7541 | Tree Scales: [0.975, 1.158, 1.244, 1.154]
  Batch 8700/11370 | Loss: 1.3986 | Tree Scales: [0.971, 1.164, 1.244, 1.147]
  Batch 8750/11370 | Loss: 0.6282 | Tree Scales: [0.975, 1.162, 1.245, 1.150]
  Batch 8800/11370 | Loss: 1.9774 | Tree Scales: [0.974, 1.157, 1.248, 1.147]
  Batch 8850/11370 | Loss: 0.4441 | Tree Scales: [0.981, 1.155, 1.253, 1.159]
  Batch 8900/11370 | Loss: 0.6194 | Tree Scales: [0.979, 1.158, 1.263, 1.152]
  Batch 8950/11370 | Loss: 0.7857 | Tree Scales: [0.986, 1.157, 1.257, 1.159]
  Batch 9000/11370 | Loss: 0.8330 | Tree Scales: [0.980, 1.167, 1.260, 1.155]
  Batch 9050/11370 | Loss: 1.3263 | Tree Scales: [0.983, 1.156, 1.252, 1.161]
  Batch 9100/11370 | Loss: 0.6975 | Tree Scales: [0.985, 1.150, 1.248, 1.171]
  Batch 9150/11370 | Loss: 1.2123 | Tree Scales: [0.979, 1.147, 1.244, 1.175]
  Batch 9200/11370 | Loss: 0.7760 | Tree Scales: [0.979, 1.151, 1.248, 1.179]
  Batch 9250/11370 | Loss: 0.7972 | Tree Scales: [0.983, 1.148, 1.248, 1.196]
  Batch 9300/11370 | Loss: 1.3675 | Tree Scales: [0.986, 1.150, 1.252, 1.203]
  Batch 9350/11370 | Loss: 1.2735 | Tree Scales: [0.987, 1.149, 1.256, 1.219]
  Batch 9400/11370 | Loss: 0.9125 | Tree Scales: [0.985, 1.144, 1.256, 1.224]
  Batch 9450/11370 | Loss: 0.9930 | Tree Scales: [0.982, 1.143, 1.255, 1.221]
  Batch 9500/11370 | Loss: 0.7900 | Tree Scales: [0.974, 1.149, 1.254, 1.239]
  Batch 9550/11370 | Loss: 0.8220 | Tree Scales: [0.972, 1.147, 1.246, 1.247]
  Batch 9600/11370 | Loss: 2.1579 | Tree Scales: [0.978, 1.145, 1.238, 1.245]
  Batch 9650/11370 | Loss: 1.0876 | Tree Scales: [0.989, 1.150, 1.235, 1.250]
  Batch 9700/11370 | Loss: 0.6897 | Tree Scales: [0.984, 1.150, 1.232, 1.249]
  Batch 9750/11370 | Loss: 0.5159 | Tree Scales: [0.985, 1.156, 1.243, 1.250]
  Batch 9800/11370 | Loss: 0.9952 | Tree Scales: [0.984, 1.147, 1.245, 1.258]
  Batch 9850/11370 | Loss: 1.6924 | Tree Scales: [0.977, 1.146, 1.245, 1.256]
  Batch 9900/11370 | Loss: 0.5426 | Tree Scales: [0.971, 1.143, 1.245, 1.271]
  Batch 9950/11370 | Loss: 1.3951 | Tree Scales: [0.971, 1.148, 1.245, 1.276]
  Batch 10000/11370 | Loss: 0.9292 | Tree Scales: [0.969, 1.153, 1.247, 1.280]
  Batch 10050/11370 | Loss: 0.7810 | Tree Scales: [0.971, 1.151, 1.249, 1.265]
  Batch 10100/11370 | Loss: 1.7106 | Tree Scales: [0.978, 1.158, 1.247, 1.251]
  Batch 10150/11370 | Loss: 0.5621 | Tree Scales: [0.970, 1.162, 1.257, 1.247]
  Batch 10200/11370 | Loss: 1.1624 | Tree Scales: [0.971, 1.157, 1.258, 1.244]
  Batch 10250/11370 | Loss: 0.9014 | Tree Scales: [0.972, 1.123, 1.243, 1.255]
  Batch 10300/11370 | Loss: 0.5188 | Tree Scales: [0.977, 1.120, 1.241, 1.270]
  Batch 10350/11370 | Loss: 1.0789 | Tree Scales: [0.984, 1.115, 1.240, 1.261]
  Batch 10400/11370 | Loss: 1.2476 | Tree Scales: [0.979, 1.115, 1.238, 1.248]
  Batch 10450/11370 | Loss: 1.6253 | Tree Scales: [0.972, 1.114, 1.240, 1.237]
  Batch 10500/11370 | Loss: 2.4218 | Tree Scales: [0.973, 1.114, 1.250, 1.231]
  Batch 10550/11370 | Loss: 0.7387 | Tree Scales: [0.987, 1.113, 1.247, 1.225]
  Batch 10600/11370 | Loss: 1.1947 | Tree Scales: [0.994, 1.117, 1.255, 1.205]
  Batch 10650/11370 | Loss: 0.6456 | Tree Scales: [0.991, 1.117, 1.256, 1.225]
  Batch 10700/11370 | Loss: 0.5495 | Tree Scales: [0.989, 1.122, 1.250, 1.228]
  Batch 10750/11370 | Loss: 0.6092 | Tree Scales: [0.987, 1.120, 1.249, 1.229]
  Batch 10800/11370 | Loss: 1.9231 | Tree Scales: [0.983, 1.116, 1.237, 1.225]
  Batch 10850/11370 | Loss: 0.7102 | Tree Scales: [0.981, 1.114, 1.231, 1.230]
  Batch 10900/11370 | Loss: 1.6034 | Tree Scales: [0.984, 1.123, 1.229, 1.241]
  Batch 10950/11370 | Loss: 1.3515 | Tree Scales: [0.984, 1.127, 1.220, 1.243]
  Batch 11000/11370 | Loss: 0.7635 | Tree Scales: [0.982, 1.126, 1.225, 1.245]
  Batch 11050/11370 | Loss: 0.8637 | Tree Scales: [0.987, 1.128, 1.225, 1.251]
  Batch 11100/11370 | Loss: 0.8454 | Tree Scales: [0.989, 1.119, 1.221, 1.261]
  Batch 11150/11370 | Loss: 0.5309 | Tree Scales: [0.998, 1.118, 1.235, 1.254]
  Batch 11200/11370 | Loss: 0.9687 | Tree Scales: [1.000, 1.108, 1.235, 1.253]
  Batch 11250/11370 | Loss: 0.5179 | Tree Scales: [0.993, 1.108, 1.223, 1.268]
  Batch 11300/11370 | Loss: 1.3416 | Tree Scales: [0.995, 1.111, 1.232, 1.276]
  Batch 11350/11370 | Loss: 0.7915 | Tree Scales: [0.993, 1.111, 1.227, 1.296]

 -> Epoch 3 training complete. Running validation evaluation...

📈 Epoch 3 Metrics Summary:
  - Average Training Loss: 1.0996 (lower is better)
  - Validation ROC AUC: 0.8305 (ranges 0.5 to 1.0, random guess is 0.5)
  - Validation PR AUC (Average Precision): 0.1902 (random baseline is 0.0178)
  💾 SUCCESS: Saved new best model checkpoint to 'selection_transformer_best.pt' (PR AUC improved to 0.1902)

--- 🌟 STARTING EPOCH 4/5 ---
  Batch 50/11370 | Loss: 0.7762 | Tree Scales: [0.993, 1.113, 1.222, 1.311]
  Batch 100/11370 | Loss: 1.0994 | Tree Scales: [0.997, 1.113, 1.224, 1.317]
  Batch 150/11370 | Loss: 1.0248 | Tree Scales: [0.994, 1.107, 1.225, 1.316]
  Batch 200/11370 | Loss: 0.9452 | Tree Scales: [1.004, 1.104, 1.228, 1.324]
  Batch 250/11370 | Loss: 0.6163 | Tree Scales: [1.010, 1.106, 1.236, 1.333]
  Batch 300/11370 | Loss: 0.4659 | Tree Scales: [1.013, 1.104, 1.248, 1.339]
  Batch 350/11370 | Loss: 1.1993 | Tree Scales: [1.001, 1.108, 1.265, 1.344]
  Batch 400/11370 | Loss: 1.0377 | Tree Scales: [1.001, 1.104, 1.268, 1.347]
  Batch 450/11370 | Loss: 0.6588 | Tree Scales: [0.998, 1.102, 1.267, 1.353]
  Batch 500/11370 | Loss: 0.5582 | Tree Scales: [1.003, 1.107, 1.263, 1.351]
  Batch 550/11370 | Loss: 0.6022 | Tree Scales: [0.994, 1.095, 1.255, 1.316]
  Batch 600/11370 | Loss: 1.5564 | Tree Scales: [0.999, 1.091, 1.251, 1.310]
  Batch 650/11370 | Loss: 0.6956 | Tree Scales: [0.999, 1.092, 1.252, 1.312]
  Batch 700/11370 | Loss: 0.8749 | Tree Scales: [1.000, 1.084, 1.250, 1.314]
  Batch 750/11370 | Loss: 0.5287 | Tree Scales: [1.003, 1.088, 1.241, 1.308]
  Batch 800/11370 | Loss: 0.4438 | Tree Scales: [1.008, 1.088, 1.235, 1.316]
  Batch 850/11370 | Loss: 0.8815 | Tree Scales: [1.007, 1.091, 1.224, 1.318]
  Batch 900/11370 | Loss: 0.7672 | Tree Scales: [1.012, 1.091, 1.225, 1.319]
  Batch 950/11370 | Loss: 1.2659 | Tree Scales: [1.014, 1.090, 1.228, 1.313]
  Batch 1000/11370 | Loss: 1.2805 | Tree Scales: [1.033, 1.089, 1.228, 1.305]
  Batch 1050/11370 | Loss: 0.5330 | Tree Scales: [1.040, 1.097, 1.221, 1.293]
  Batch 1100/11370 | Loss: 1.7867 | Tree Scales: [1.042, 1.100, 1.220, 1.277]
  Batch 1150/11370 | Loss: 0.9291 | Tree Scales: [1.035, 1.095, 1.232, 1.268]
  Batch 1200/11370 | Loss: 1.7983 | Tree Scales: [1.035, 1.097, 1.232, 1.270]
  Batch 1250/11370 | Loss: 0.6498 | Tree Scales: [1.026, 1.099, 1.231, 1.272]
  Batch 1300/11370 | Loss: 0.6039 | Tree Scales: [1.022, 1.100, 1.265, 1.272]
  Batch 1350/11370 | Loss: 0.8250 | Tree Scales: [1.021, 1.106, 1.262, 1.274]
  Batch 1400/11370 | Loss: 1.0680 | Tree Scales: [1.029, 1.106, 1.261, 1.280]
  Batch 1450/11370 | Loss: 1.1335 | Tree Scales: [1.027, 1.097, 1.267, 1.275]
  Batch 1500/11370 | Loss: 1.0609 | Tree Scales: [1.037, 1.090, 1.259, 1.271]
  Batch 1550/11370 | Loss: 0.5340 | Tree Scales: [1.035, 1.093, 1.269, 1.277]
  Batch 1600/11370 | Loss: 1.1724 | Tree Scales: [1.020, 1.091, 1.261, 1.274]
  Batch 1650/11370 | Loss: 0.5220 | Tree Scales: [1.014, 1.095, 1.254, 1.269]
  Batch 1700/11370 | Loss: 1.0292 | Tree Scales: [1.014, 1.098, 1.241, 1.279]
  Batch 1750/11370 | Loss: 0.8744 | Tree Scales: [1.009, 1.100, 1.242, 1.277]
  Batch 1800/11370 | Loss: 0.8422 | Tree Scales: [1.005, 1.098, 1.250, 1.281]
  Batch 1850/11370 | Loss: 0.7516 | Tree Scales: [0.999, 1.100, 1.242, 1.307]
  Batch 1900/11370 | Loss: 0.8377 | Tree Scales: [1.003, 1.101, 1.234, 1.322]
  Batch 1950/11370 | Loss: 1.2012 | Tree Scales: [1.004, 1.092, 1.236, 1.315]
  Batch 2000/11370 | Loss: 1.5274 | Tree Scales: [0.997, 1.097, 1.264, 1.309]
  Batch 2050/11370 | Loss: 0.6884 | Tree Scales: [1.007, 1.096, 1.267, 1.314]
  Batch 2100/11370 | Loss: 0.5130 | Tree Scales: [1.010, 1.094, 1.272, 1.309]
  Batch 2150/11370 | Loss: 1.4008 | Tree Scales: [1.001, 1.094, 1.278, 1.306]
  Batch 2200/11370 | Loss: 0.7932 | Tree Scales: [1.001, 1.095, 1.283, 1.302]
  Batch 2250/11370 | Loss: 1.3909 | Tree Scales: [0.989, 1.092, 1.293, 1.301]
  Batch 2300/11370 | Loss: 1.2928 | Tree Scales: [0.994, 1.086, 1.288, 1.293]
  Batch 2350/11370 | Loss: 1.1227 | Tree Scales: [0.997, 1.087, 1.284, 1.293]
  Batch 2400/11370 | Loss: 1.0098 | Tree Scales: [0.998, 1.085, 1.284, 1.290]
  Batch 2450/11370 | Loss: 1.4105 | Tree Scales: [0.997, 1.101, 1.291, 1.285]
  Batch 2500/11370 | Loss: 2.1447 | Tree Scales: [0.989, 1.107, 1.301, 1.284]
  Batch 2550/11370 | Loss: 0.5857 | Tree Scales: [0.992, 1.108, 1.314, 1.281]
  Batch 2600/11370 | Loss: 1.5840 | Tree Scales: [0.989, 1.105, 1.312, 1.279]
  Batch 2650/11370 | Loss: 0.8862 | Tree Scales: [0.994, 1.104, 1.304, 1.274]
  Batch 2700/11370 | Loss: 2.1639 | Tree Scales: [0.995, 1.101, 1.304, 1.291]
  Batch 2750/11370 | Loss: 0.5228 | Tree Scales: [0.998, 1.103, 1.299, 1.306]
  Batch 2800/11370 | Loss: 1.2699 | Tree Scales: [0.994, 1.105, 1.308, 1.313]
  Batch 2850/11370 | Loss: 2.0603 | Tree Scales: [0.995, 1.106, 1.306, 1.311]
  Batch 2900/11370 | Loss: 0.6553 | Tree Scales: [1.003, 1.108, 1.305, 1.317]
  Batch 2950/11370 | Loss: 0.5136 | Tree Scales: [1.001, 1.110, 1.295, 1.296]
  Batch 3000/11370 | Loss: 1.0630 | Tree Scales: [0.994, 1.111, 1.289, 1.292]
  Batch 3050/11370 | Loss: 0.3613 | Tree Scales: [0.991, 1.110, 1.282, 1.291]
  Batch 3100/11370 | Loss: 0.6833 | Tree Scales: [0.992, 1.109, 1.276, 1.289]
  Batch 3150/11370 | Loss: 0.6860 | Tree Scales: [0.992, 1.108, 1.283, 1.271]
  Batch 3200/11370 | Loss: 1.3285 | Tree Scales: [1.001, 1.102, 1.285, 1.281]
  Batch 3250/11370 | Loss: 0.5639 | Tree Scales: [0.990, 1.095, 1.295, 1.292]
  Batch 3300/11370 | Loss: 1.0103 | Tree Scales: [0.992, 1.091, 1.305, 1.296]
  Batch 3350/11370 | Loss: 0.4513 | Tree Scales: [0.998, 1.102, 1.329, 1.294]
  Batch 3400/11370 | Loss: 0.9950 | Tree Scales: [0.999, 1.109, 1.326, 1.290]
  Batch 3450/11370 | Loss: 1.2070 | Tree Scales: [1.003, 1.105, 1.324, 1.291]
  Batch 3500/11370 | Loss: 0.6957 | Tree Scales: [1.006, 1.104, 1.320, 1.299]
  Batch 3550/11370 | Loss: 1.2816 | Tree Scales: [1.012, 1.097, 1.323, 1.304]
  Batch 3600/11370 | Loss: 0.9794 | Tree Scales: [0.997, 1.114, 1.330, 1.300]
  Batch 3650/11370 | Loss: 0.5488 | Tree Scales: [0.996, 1.096, 1.326, 1.302]
  Batch 3700/11370 | Loss: 0.5575 | Tree Scales: [1.001, 1.093, 1.329, 1.305]
  Batch 3750/11370 | Loss: 0.7299 | Tree Scales: [1.006, 1.086, 1.321, 1.315]
  Batch 3800/11370 | Loss: 1.2228 | Tree Scales: [1.013, 1.084, 1.325, 1.324]
  Batch 3850/11370 | Loss: 0.5248 | Tree Scales: [1.018, 1.089, 1.323, 1.327]
  Batch 3900/11370 | Loss: 0.6824 | Tree Scales: [1.019, 1.079, 1.324, 1.326]
  Batch 3950/11370 | Loss: 0.7596 | Tree Scales: [1.016, 1.084, 1.333, 1.324]
  Batch 4000/11370 | Loss: 0.8798 | Tree Scales: [1.016, 1.074, 1.325, 1.319]
  Batch 4050/11370 | Loss: 0.9605 | Tree Scales: [1.022, 1.073, 1.333, 1.333]
  Batch 4100/11370 | Loss: 0.8956 | Tree Scales: [1.017, 1.079, 1.330, 1.323]
  Batch 4150/11370 | Loss: 2.7085 | Tree Scales: [1.018, 1.084, 1.324, 1.311]
  Batch 4200/11370 | Loss: 1.7916 | Tree Scales: [1.012, 1.089, 1.316, 1.292]
  Batch 4250/11370 | Loss: 0.9234 | Tree Scales: [1.017, 1.083, 1.304, 1.287]
  Batch 4300/11370 | Loss: 1.7249 | Tree Scales: [1.019, 1.079, 1.301, 1.287]
  Batch 4350/11370 | Loss: 0.6253 | Tree Scales: [1.019, 1.076, 1.303, 1.299]
  Batch 4400/11370 | Loss: 1.1182 | Tree Scales: [1.006, 1.074, 1.304, 1.305]
  Batch 4450/11370 | Loss: 1.1341 | Tree Scales: [1.002, 1.076, 1.302, 1.313]
  Batch 4500/11370 | Loss: 0.5593 | Tree Scales: [1.001, 1.082, 1.285, 1.309]
  Batch 4550/11370 | Loss: 0.6462 | Tree Scales: [1.000, 1.076, 1.279, 1.296]
  Batch 4600/11370 | Loss: 0.6270 | Tree Scales: [0.999, 1.080, 1.267, 1.294]
  Batch 4650/11370 | Loss: 2.0878 | Tree Scales: [1.005, 1.076, 1.265, 1.288]
  Batch 4700/11370 | Loss: 0.4941 | Tree Scales: [1.005, 1.077, 1.264, 1.283]
  Batch 4750/11370 | Loss: 0.6909 | Tree Scales: [1.004, 1.073, 1.266, 1.280]
  Batch 4800/11370 | Loss: 1.7823 | Tree Scales: [1.015, 1.075, 1.276, 1.284]
  Batch 4850/11370 | Loss: 1.8694 | Tree Scales: [1.019, 1.075, 1.281, 1.295]
  Batch 4900/11370 | Loss: 1.6483 | Tree Scales: [1.024, 1.068, 1.283, 1.292]
  Batch 4950/11370 | Loss: 0.7128 | Tree Scales: [1.019, 1.069, 1.286, 1.284]
  Batch 5000/11370 | Loss: 1.5918 | Tree Scales: [1.019, 1.065, 1.287, 1.287]
  Batch 5050/11370 | Loss: 0.4202 | Tree Scales: [1.015, 1.064, 1.288, 1.277]
  Batch 5100/11370 | Loss: 0.8617 | Tree Scales: [1.011, 1.068, 1.285, 1.278]
  Batch 5150/11370 | Loss: 2.0202 | Tree Scales: [1.007, 1.072, 1.283, 1.283]
  Batch 5200/11370 | Loss: 1.2175 | Tree Scales: [1.008, 1.071, 1.288, 1.282]
  Batch 5250/11370 | Loss: 0.8446 | Tree Scales: [1.022, 1.064, 1.294, 1.282]
  Batch 5300/11370 | Loss: 0.7386 | Tree Scales: [1.014, 1.056, 1.312, 1.282]
  Batch 5350/11370 | Loss: 0.7309 | Tree Scales: [1.022, 1.058, 1.314, 1.284]
  Batch 5400/11370 | Loss: 0.8633 | Tree Scales: [1.026, 1.062, 1.352, 1.278]
  Batch 5450/11370 | Loss: 1.0918 | Tree Scales: [1.041, 1.068, 1.369, 1.281]
  Batch 5500/11370 | Loss: 0.5160 | Tree Scales: [1.034, 1.076, 1.370, 1.292]
  Batch 5550/11370 | Loss: 1.2241 | Tree Scales: [1.015, 1.070, 1.363, 1.288]
  Batch 5600/11370 | Loss: 2.9079 | Tree Scales: [1.015, 1.062, 1.356, 1.289]
  Batch 5650/11370 | Loss: 1.4616 | Tree Scales: [1.017, 1.060, 1.346, 1.291]
  Batch 5700/11370 | Loss: 1.2108 | Tree Scales: [1.028, 1.062, 1.343, 1.292]
  Batch 5750/11370 | Loss: 0.9253 | Tree Scales: [1.043, 1.062, 1.342, 1.292]
  Batch 5800/11370 | Loss: 0.8045 | Tree Scales: [1.044, 1.058, 1.341, 1.278]
  Batch 5850/11370 | Loss: 1.1541 | Tree Scales: [1.042, 1.061, 1.341, 1.276]
  Batch 5900/11370 | Loss: 1.3541 | Tree Scales: [1.045, 1.070, 1.349, 1.271]
  Batch 5950/11370 | Loss: 0.4031 | Tree Scales: [1.039, 1.071, 1.347, 1.262]
  Batch 6000/11370 | Loss: 0.6241 | Tree Scales: [1.035, 1.067, 1.332, 1.261]
  Batch 6050/11370 | Loss: 0.4473 | Tree Scales: [1.031, 1.068, 1.320, 1.258]
  Batch 6100/11370 | Loss: 0.5446 | Tree Scales: [1.036, 1.072, 1.313, 1.280]
  Batch 6150/11370 | Loss: 0.9683 | Tree Scales: [1.031, 1.069, 1.317, 1.282]
  Batch 6200/11370 | Loss: 2.0866 | Tree Scales: [1.038, 1.065, 1.317, 1.281]
  Batch 6250/11370 | Loss: 1.5877 | Tree Scales: [1.050, 1.058, 1.314, 1.277]
  Batch 6300/11370 | Loss: 1.6395 | Tree Scales: [1.040, 1.058, 1.316, 1.272]
  Batch 6350/11370 | Loss: 0.6745 | Tree Scales: [1.038, 1.065, 1.331, 1.287]
  Batch 6400/11370 | Loss: 1.2261 | Tree Scales: [1.043, 1.056, 1.331, 1.280]
  Batch 6450/11370 | Loss: 1.2544 | Tree Scales: [1.040, 1.050, 1.334, 1.276]
  Batch 6500/11370 | Loss: 1.0783 | Tree Scales: [1.055, 1.039, 1.321, 1.260]
  Batch 6550/11370 | Loss: 1.3017 | Tree Scales: [1.059, 1.041, 1.329, 1.269]
  Batch 6600/11370 | Loss: 0.8421 | Tree Scales: [1.045, 1.046, 1.335, 1.249]
  Batch 6650/11370 | Loss: 1.0170 | Tree Scales: [1.038, 1.047, 1.343, 1.243]
  Batch 6700/11370 | Loss: 0.5603 | Tree Scales: [1.045, 1.037, 1.336, 1.250]
  Batch 6750/11370 | Loss: 0.6669 | Tree Scales: [1.041, 1.048, 1.335, 1.236]
  Batch 6800/11370 | Loss: 0.8171 | Tree Scales: [1.042, 1.046, 1.338, 1.237]
  Batch 6850/11370 | Loss: 1.5421 | Tree Scales: [1.041, 1.048, 1.348, 1.240]
  Batch 6900/11370 | Loss: 0.8293 | Tree Scales: [1.042, 1.060, 1.353, 1.252]
  Batch 6950/11370 | Loss: 1.1981 | Tree Scales: [1.038, 1.069, 1.354, 1.255]
  Batch 7000/11370 | Loss: 1.0224 | Tree Scales: [1.036, 1.075, 1.358, 1.254]
  Batch 7050/11370 | Loss: 1.4325 | Tree Scales: [1.020, 1.070, 1.362, 1.247]
  Batch 7100/11370 | Loss: 1.9066 | Tree Scales: [1.008, 1.069, 1.360, 1.251]
  Batch 7150/11370 | Loss: 0.5803 | Tree Scales: [0.999, 1.067, 1.368, 1.250]
  Batch 7200/11370 | Loss: 0.6969 | Tree Scales: [0.995, 1.065, 1.369, 1.265]
  Batch 7250/11370 | Loss: 1.0846 | Tree Scales: [0.991, 1.058, 1.360, 1.260]
  Batch 7300/11370 | Loss: 0.4120 | Tree Scales: [0.992, 1.053, 1.371, 1.253]
  Batch 7350/11370 | Loss: 0.5922 | Tree Scales: [0.989, 1.063, 1.364, 1.270]
  Batch 7400/11370 | Loss: 0.8464 | Tree Scales: [0.981, 1.085, 1.379, 1.263]
  Batch 7450/11370 | Loss: 0.9411 | Tree Scales: [0.981, 1.083, 1.388, 1.269]
  Batch 7500/11370 | Loss: 2.2293 | Tree Scales: [0.981, 1.074, 1.384, 1.254]
  Batch 7550/11370 | Loss: 1.1744 | Tree Scales: [0.983, 1.071, 1.391, 1.248]
  Batch 7600/11370 | Loss: 1.1989 | Tree Scales: [0.971, 1.078, 1.389, 1.235]
  Batch 7650/11370 | Loss: 1.3085 | Tree Scales: [0.976, 1.081, 1.392, 1.232]
  Batch 7700/11370 | Loss: 1.2599 | Tree Scales: [0.985, 1.074, 1.394, 1.229]
  Batch 7750/11370 | Loss: 1.4589 | Tree Scales: [0.989, 1.070, 1.407, 1.221]
  Batch 7800/11370 | Loss: 0.6508 | Tree Scales: [0.991, 1.078, 1.382, 1.223]
  Batch 7850/11370 | Loss: 0.5089 | Tree Scales: [0.998, 1.075, 1.379, 1.220]
  Batch 7900/11370 | Loss: 0.8602 | Tree Scales: [0.990, 1.088, 1.378, 1.202]
  Batch 7950/11370 | Loss: 0.9143 | Tree Scales: [0.992, 1.087, 1.377, 1.202]
  Batch 8000/11370 | Loss: 0.7249 | Tree Scales: [1.000, 1.088, 1.388, 1.207]
  Batch 8050/11370 | Loss: 0.7331 | Tree Scales: [0.997, 1.089, 1.387, 1.202]
  Batch 8100/11370 | Loss: 0.9062 | Tree Scales: [0.999, 1.092, 1.408, 1.210]
  Batch 8150/11370 | Loss: 1.2947 | Tree Scales: [0.998, 1.098, 1.396, 1.200]
  Batch 8200/11370 | Loss: 0.8073 | Tree Scales: [0.999, 1.097, 1.404, 1.190]
  Batch 8250/11370 | Loss: 0.6262 | Tree Scales: [0.995, 1.096, 1.412, 1.182]
  Batch 8300/11370 | Loss: 0.4651 | Tree Scales: [0.994, 1.099, 1.411, 1.181]
  Batch 8350/11370 | Loss: 1.4203 | Tree Scales: [0.981, 1.095, 1.402, 1.179]
  Batch 8400/11370 | Loss: 1.5372 | Tree Scales: [0.984, 1.091, 1.391, 1.174]
  Batch 8450/11370 | Loss: 0.6329 | Tree Scales: [0.986, 1.099, 1.391, 1.164]
  Batch 8500/11370 | Loss: 1.5144 | Tree Scales: [0.985, 1.099, 1.388, 1.165]
  Batch 8550/11370 | Loss: 0.7139 | Tree Scales: [0.984, 1.093, 1.381, 1.169]
  Batch 8600/11370 | Loss: 0.4783 | Tree Scales: [0.985, 1.074, 1.387, 1.165]
  Batch 8650/11370 | Loss: 2.4460 | Tree Scales: [0.993, 1.091, 1.377, 1.160]
  Batch 8700/11370 | Loss: 1.2925 | Tree Scales: [0.999, 1.084, 1.406, 1.181]
  Batch 8750/11370 | Loss: 0.7892 | Tree Scales: [1.001, 1.081, 1.398, 1.187]
  Batch 8800/11370 | Loss: 0.9506 | Tree Scales: [0.985, 1.074, 1.395, 1.185]
  Batch 8850/11370 | Loss: 0.8241 | Tree Scales: [0.981, 1.072, 1.375, 1.180]
  Batch 8900/11370 | Loss: 1.1718 | Tree Scales: [0.992, 1.074, 1.388, 1.179]
  Batch 8950/11370 | Loss: 1.0666 | Tree Scales: [0.999, 1.063, 1.388, 1.177]
  Batch 9000/11370 | Loss: 0.4920 | Tree Scales: [1.003, 1.073, 1.384, 1.176]
  Batch 9050/11370 | Loss: 2.8426 | Tree Scales: [0.994, 1.075, 1.390, 1.188]
  Batch 9100/11370 | Loss: 1.3098 | Tree Scales: [0.995, 1.087, 1.405, 1.189]
  Batch 9150/11370 | Loss: 1.5266 | Tree Scales: [0.998, 1.090, 1.408, 1.197]
  Batch 9200/11370 | Loss: 1.6883 | Tree Scales: [0.999, 1.091, 1.372, 1.198]
  Batch 9250/11370 | Loss: 1.1609 | Tree Scales: [0.999, 1.088, 1.372, 1.202]
  Batch 9300/11370 | Loss: 0.8576 | Tree Scales: [1.008, 1.099, 1.368, 1.198]
  Batch 9350/11370 | Loss: 1.2734 | Tree Scales: [1.016, 1.100, 1.365, 1.190]
  Batch 9400/11370 | Loss: 1.5786 | Tree Scales: [1.009, 1.105, 1.364, 1.189]
  Batch 9450/11370 | Loss: 1.4429 | Tree Scales: [1.002, 1.108, 1.378, 1.202]
  Batch 9500/11370 | Loss: 0.9266 | Tree Scales: [0.995, 1.108, 1.374, 1.206]
  Batch 9550/11370 | Loss: 1.0322 | Tree Scales: [1.004, 1.108, 1.373, 1.208]
  Batch 9600/11370 | Loss: 0.8566 | Tree Scales: [1.009, 1.110, 1.369, 1.214]
  Batch 9650/11370 | Loss: 0.6571 | Tree Scales: [1.012, 1.113, 1.372, 1.222]
  Batch 9700/11370 | Loss: 0.7862 | Tree Scales: [1.020, 1.110, 1.371, 1.232]
  Batch 9750/11370 | Loss: 1.0557 | Tree Scales: [1.018, 1.112, 1.371, 1.234]
  Batch 9800/11370 | Loss: 0.7644 | Tree Scales: [1.017, 1.112, 1.368, 1.227]
  Batch 9850/11370 | Loss: 0.6584 | Tree Scales: [1.030, 1.110, 1.367, 1.228]
  Batch 9900/11370 | Loss: 1.4436 | Tree Scales: [1.022, 1.107, 1.372, 1.225]
  Batch 9950/11370 | Loss: 0.8557 | Tree Scales: [1.020, 1.106, 1.386, 1.231]
  Batch 10000/11370 | Loss: 1.2323 | Tree Scales: [1.023, 1.099, 1.391, 1.234]
  Batch 10050/11370 | Loss: 0.6787 | Tree Scales: [1.019, 1.108, 1.389, 1.239]
  Batch 10100/11370 | Loss: 1.8298 | Tree Scales: [1.016, 1.118, 1.408, 1.233]
  Batch 10150/11370 | Loss: 1.3507 | Tree Scales: [1.015, 1.124, 1.426, 1.236]
  Batch 10200/11370 | Loss: 0.5071 | Tree Scales: [1.015, 1.126, 1.427, 1.240]
  Batch 10250/11370 | Loss: 2.0928 | Tree Scales: [1.026, 1.130, 1.411, 1.252]
  Batch 10300/11370 | Loss: 1.1472 | Tree Scales: [1.031, 1.123, 1.403, 1.256]
  Batch 10350/11370 | Loss: 0.5544 | Tree Scales: [1.027, 1.128, 1.410, 1.248]
  Batch 10400/11370 | Loss: 1.2345 | Tree Scales: [1.022, 1.150, 1.414, 1.253]
  Batch 10450/11370 | Loss: 1.3344 | Tree Scales: [1.026, 1.151, 1.410, 1.259]
  Batch 10500/11370 | Loss: 0.6236 | Tree Scales: [1.009, 1.148, 1.412, 1.251]
  Batch 10550/11370 | Loss: 0.7913 | Tree Scales: [1.012, 1.138, 1.406, 1.246]
  Batch 10600/11370 | Loss: 0.6538 | Tree Scales: [1.005, 1.133, 1.396, 1.243]
  Batch 10650/11370 | Loss: 1.2465 | Tree Scales: [1.003, 1.129, 1.400, 1.228]
  Batch 10700/11370 | Loss: 1.3341 | Tree Scales: [0.998, 1.135, 1.416, 1.221]
  Batch 10750/11370 | Loss: 1.3314 | Tree Scales: [0.989, 1.120, 1.423, 1.228]
  Batch 10800/11370 | Loss: 0.4773 | Tree Scales: [0.985, 1.114, 1.432, 1.218]
  Batch 10850/11370 | Loss: 0.8683 | Tree Scales: [0.981, 1.116, 1.435, 1.216]
  Batch 10900/11370 | Loss: 1.2141 | Tree Scales: [0.962, 1.120, 1.438, 1.222]
  Batch 10950/11370 | Loss: 0.7357 | Tree Scales: [0.960, 1.126, 1.434, 1.227]
  Batch 11000/11370 | Loss: 0.7263 | Tree Scales: [0.958, 1.128, 1.437, 1.228]
  Batch 11050/11370 | Loss: 0.6885 | Tree Scales: [0.953, 1.131, 1.433, 1.236]
  Batch 11100/11370 | Loss: 0.6326 | Tree Scales: [0.958, 1.126, 1.426, 1.251]
  Batch 11150/11370 | Loss: 0.5244 | Tree Scales: [0.959, 1.124, 1.422, 1.236]
  Batch 11200/11370 | Loss: 1.7789 | Tree Scales: [0.953, 1.125, 1.428, 1.244]
  Batch 11250/11370 | Loss: 0.7637 | Tree Scales: [0.945, 1.123, 1.429, 1.241]
  Batch 11300/11370 | Loss: 1.1995 | Tree Scales: [0.938, 1.116, 1.430, 1.252]
  Batch 11350/11370 | Loss: 1.2787 | Tree Scales: [0.938, 1.092, 1.439, 1.255]

 -> Epoch 4 training complete. Running validation evaluation...

📈 Epoch 4 Metrics Summary:
  - Average Training Loss: 1.0386 (lower is better)
  - Validation ROC AUC: 0.8404 (ranges 0.5 to 1.0, random guess is 0.5)
  - Validation PR AUC (Average Precision): 0.2137 (random baseline is 0.0178)
  💾 SUCCESS: Saved new best model checkpoint to 'selection_transformer_best.pt' (PR AUC improved to 0.2137)

--- 🌟 STARTING EPOCH 5/5 ---
  Batch 50/11370 | Loss: 0.6276 | Tree Scales: [0.935, 1.097, 1.445, 1.251]
  Batch 100/11370 | Loss: 0.5723 | Tree Scales: [0.946, 1.100, 1.439, 1.249]
  Batch 150/11370 | Loss: 1.1663 | Tree Scales: [0.946, 1.098, 1.449, 1.248]
  Batch 200/11370 | Loss: 0.8247 | Tree Scales: [0.945, 1.098, 1.461, 1.250]
  Batch 250/11370 | Loss: 1.0121 | Tree Scales: [0.947, 1.093, 1.461, 1.238]
  Batch 300/11370 | Loss: 1.3755 | Tree Scales: [0.947, 1.087, 1.464, 1.237]
  Batch 350/11370 | Loss: 1.8932 | Tree Scales: [0.944, 1.087, 1.467, 1.246]
  Batch 400/11370 | Loss: 0.5010 | Tree Scales: [0.946, 1.088, 1.473, 1.213]
  Batch 450/11370 | Loss: 0.6182 | Tree Scales: [0.945, 1.069, 1.475, 1.227]
  Batch 500/11370 | Loss: 0.8188 | Tree Scales: [0.959, 1.067, 1.476, 1.226]
  Batch 550/11370 | Loss: 1.2015 | Tree Scales: [0.958, 1.066, 1.479, 1.221]
  Batch 600/11370 | Loss: 0.9124 | Tree Scales: [0.961, 1.069, 1.492, 1.228]
  Batch 650/11370 | Loss: 0.6291 | Tree Scales: [0.958, 1.073, 1.489, 1.234]
  Batch 700/11370 | Loss: 0.6204 | Tree Scales: [0.964, 1.078, 1.501, 1.230]
  Batch 750/11370 | Loss: 0.5895 | Tree Scales: [0.960, 1.075, 1.491, 1.214]
  Batch 800/11370 | Loss: 0.7882 | Tree Scales: [0.962, 1.076, 1.496, 1.197]
  Batch 850/11370 | Loss: 1.2907 | Tree Scales: [0.960, 1.078, 1.496, 1.195]
  Batch 900/11370 | Loss: 1.0197 | Tree Scales: [0.967, 1.075, 1.497, 1.194]
  Batch 950/11370 | Loss: 2.1337 | Tree Scales: [0.966, 1.075, 1.495, 1.200]
  Batch 1000/11370 | Loss: 1.2455 | Tree Scales: [0.959, 1.080, 1.499, 1.197]
  Batch 1050/11370 | Loss: 1.2350 | Tree Scales: [0.961, 1.084, 1.483, 1.204]
  Batch 1100/11370 | Loss: 1.0557 | Tree Scales: [0.951, 1.086, 1.483, 1.219]
  Batch 1150/11370 | Loss: 2.5840 | Tree Scales: [0.953, 1.101, 1.484, 1.214]
  Batch 1200/11370 | Loss: 0.6458 | Tree Scales: [0.953, 1.099, 1.486, 1.217]
  Batch 1250/11370 | Loss: 0.6910 | Tree Scales: [0.953, 1.099, 1.495, 1.221]
  Batch 1300/11370 | Loss: 0.8149 | Tree Scales: [0.956, 1.089, 1.490, 1.231]
  Batch 1350/11370 | Loss: 1.4206 | Tree Scales: [0.957, 1.090, 1.490, 1.240]
  Batch 1400/11370 | Loss: 0.5161 | Tree Scales: [0.952, 1.088, 1.484, 1.234]
  Batch 1450/11370 | Loss: 0.6210 | Tree Scales: [0.944, 1.088, 1.471, 1.223]
  Batch 1500/11370 | Loss: 1.1269 | Tree Scales: [0.944, 1.075, 1.486, 1.215]
  Batch 1550/11370 | Loss: 1.1869 | Tree Scales: [0.941, 1.069, 1.483, 1.221]
  Batch 1600/11370 | Loss: 1.1644 | Tree Scales: [0.943, 1.061, 1.493, 1.229]
  Batch 1650/11370 | Loss: 0.7863 | Tree Scales: [0.941, 1.070, 1.474, 1.233]
  Batch 1700/11370 | Loss: 1.1493 | Tree Scales: [0.939, 1.074, 1.462, 1.240]
  Batch 1750/11370 | Loss: 1.2947 | Tree Scales: [0.935, 1.075, 1.459, 1.246]
  Batch 1800/11370 | Loss: 1.4356 | Tree Scales: [0.952, 1.081, 1.454, 1.248]
  Batch 1850/11370 | Loss: 0.9618 | Tree Scales: [0.962, 1.080, 1.457, 1.250]
  Batch 1900/11370 | Loss: 1.3463 | Tree Scales: [0.958, 1.079, 1.456, 1.268]
  Batch 1950/11370 | Loss: 2.5765 | Tree Scales: [0.963, 1.075, 1.458, 1.279]
  Batch 2000/11370 | Loss: 1.5114 | Tree Scales: [0.963, 1.077, 1.460, 1.305]
  Batch 2050/11370 | Loss: 1.1575 | Tree Scales: [0.957, 1.075, 1.472, 1.322]
  Batch 2100/11370 | Loss: 0.7389 | Tree Scales: [0.956, 1.075, 1.480, 1.324]
  Batch 2150/11370 | Loss: 0.9287 | Tree Scales: [0.958, 1.072, 1.482, 1.335]
  Batch 2200/11370 | Loss: 1.5645 | Tree Scales: [0.962, 1.073, 1.478, 1.334]
  Batch 2250/11370 | Loss: 1.4877 | Tree Scales: [0.953, 1.079, 1.482, 1.337]
  Batch 2300/11370 | Loss: 0.9623 | Tree Scales: [0.955, 1.082, 1.480, 1.337]
  Batch 2350/11370 | Loss: 0.7338 | Tree Scales: [0.954, 1.085, 1.511, 1.329]
  Batch 2400/11370 | Loss: 0.6497 | Tree Scales: [0.954, 1.078, 1.504, 1.335]
  Batch 2450/11370 | Loss: 1.2165 | Tree Scales: [0.958, 1.079, 1.496, 1.336]
  Batch 2500/11370 | Loss: 0.7000 | Tree Scales: [0.954, 1.082, 1.498, 1.342]
  Batch 2550/11370 | Loss: 0.7720 | Tree Scales: [0.964, 1.086, 1.486, 1.343]
  Batch 2600/11370 | Loss: 1.5521 | Tree Scales: [0.948, 1.091, 1.490, 1.353]
  Batch 2650/11370 | Loss: 0.4840 | Tree Scales: [0.948, 1.088, 1.486, 1.348]
  Batch 2700/11370 | Loss: 1.2530 | Tree Scales: [0.928, 1.096, 1.487, 1.334]
  Batch 2750/11370 | Loss: 1.5263 | Tree Scales: [0.934, 1.101, 1.490, 1.328]
  Batch 2800/11370 | Loss: 0.8111 | Tree Scales: [0.955, 1.100, 1.481, 1.331]
  Batch 2850/11370 | Loss: 0.8726 | Tree Scales: [0.951, 1.099, 1.493, 1.333]
  Batch 2900/11370 | Loss: 0.8376 | Tree Scales: [0.958, 1.101, 1.496, 1.337]
  Batch 2950/11370 | Loss: 0.5022 | Tree Scales: [0.959, 1.109, 1.510, 1.334]
  Batch 3000/11370 | Loss: 1.9116 | Tree Scales: [0.953, 1.111, 1.498, 1.328]
  Batch 3050/11370 | Loss: 1.4148 | Tree Scales: [0.949, 1.112, 1.508, 1.317]
  Batch 3100/11370 | Loss: 0.9771 | Tree Scales: [0.947, 1.113, 1.502, 1.324]
  Batch 3150/11370 | Loss: 0.9601 | Tree Scales: [0.949, 1.117, 1.495, 1.324]
  Batch 3200/11370 | Loss: 0.4390 | Tree Scales: [0.948, 1.116, 1.498, 1.333]
  Batch 3250/11370 | Loss: 0.8846 | Tree Scales: [0.948, 1.116, 1.489, 1.341]
  Batch 3300/11370 | Loss: 0.7565 | Tree Scales: [0.946, 1.107, 1.485, 1.344]
  Batch 3350/11370 | Loss: 0.5063 | Tree Scales: [0.953, 1.108, 1.487, 1.340]
  Batch 3400/11370 | Loss: 0.8671 | Tree Scales: [0.941, 1.114, 1.487, 1.329]
  Batch 3450/11370 | Loss: 1.2212 | Tree Scales: [0.941, 1.112, 1.479, 1.328]
  Batch 3500/11370 | Loss: 0.4059 | Tree Scales: [0.938, 1.110, 1.482, 1.326]
  Batch 3550/11370 | Loss: 1.0854 | Tree Scales: [0.935, 1.108, 1.477, 1.323]
  Batch 3600/11370 | Loss: 2.1950 | Tree Scales: [0.932, 1.105, 1.470, 1.324]
  Batch 3650/11370 | Loss: 0.6190 | Tree Scales: [0.923, 1.099, 1.468, 1.319]
  Batch 3700/11370 | Loss: 1.3763 | Tree Scales: [0.923, 1.106, 1.470, 1.321]
  Batch 3750/11370 | Loss: 1.3251 | Tree Scales: [0.920, 1.104, 1.458, 1.325]
  Batch 3800/11370 | Loss: 1.8483 | Tree Scales: [0.917, 1.114, 1.438, 1.315]
  Batch 3850/11370 | Loss: 1.1859 | Tree Scales: [0.921, 1.114, 1.445, 1.336]
  Batch 3900/11370 | Loss: 0.9178 | Tree Scales: [0.917, 1.102, 1.438, 1.325]
  Batch 3950/11370 | Loss: 1.3240 | Tree Scales: [0.912, 1.097, 1.438, 1.328]
  Batch 4000/11370 | Loss: 0.9638 | Tree Scales: [0.905, 1.093, 1.448, 1.324]
  Batch 4050/11370 | Loss: 1.3233 | Tree Scales: [0.900, 1.097, 1.444, 1.322]
  Batch 4100/11370 | Loss: 0.7884 | Tree Scales: [0.911, 1.100, 1.435, 1.325]
  Batch 4150/11370 | Loss: 0.8992 | Tree Scales: [0.912, 1.099, 1.439, 1.342]
  Batch 4200/11370 | Loss: 0.4929 | Tree Scales: [0.911, 1.096, 1.436, 1.344]
  Batch 4250/11370 | Loss: 1.3379 | Tree Scales: [0.913, 1.100, 1.448, 1.356]
  Batch 4300/11370 | Loss: 0.4047 | Tree Scales: [0.917, 1.115, 1.433, 1.360]
  Batch 4350/11370 | Loss: 0.6262 | Tree Scales: [0.914, 1.113, 1.421, 1.360]
  Batch 4400/11370 | Loss: 0.7481 | Tree Scales: [0.901, 1.115, 1.429, 1.354]
  Batch 4450/11370 | Loss: 1.0059 | Tree Scales: [0.899, 1.122, 1.435, 1.341]
  Batch 4500/11370 | Loss: 0.6624 | Tree Scales: [0.904, 1.120, 1.432, 1.343]
  Batch 4550/11370 | Loss: 0.7316 | Tree Scales: [0.917, 1.104, 1.448, 1.359]
  Batch 4600/11370 | Loss: 0.5425 | Tree Scales: [0.918, 1.098, 1.443, 1.379]
  Batch 4650/11370 | Loss: 0.5211 | Tree Scales: [0.921, 1.088, 1.445, 1.377]
  Batch 4700/11370 | Loss: 1.4123 | Tree Scales: [0.923, 1.089, 1.458, 1.383]
  Batch 4750/11370 | Loss: 1.6803 | Tree Scales: [0.930, 1.089, 1.469, 1.385]
  Batch 4800/11370 | Loss: 1.1723 | Tree Scales: [0.931, 1.085, 1.470, 1.389]
  Batch 4850/11370 | Loss: 0.4708 | Tree Scales: [0.933, 1.094, 1.478, 1.399]
  Batch 4900/11370 | Loss: 1.0824 | Tree Scales: [0.927, 1.096, 1.486, 1.438]
  Batch 4950/11370 | Loss: 0.3759 | Tree Scales: [0.923, 1.092, 1.475, 1.447]
  Batch 5000/11370 | Loss: 1.4720 | Tree Scales: [0.925, 1.085, 1.487, 1.454]
  Batch 5050/11370 | Loss: 0.4416 | Tree Scales: [0.923, 1.089, 1.483, 1.457]
  Batch 5100/11370 | Loss: 1.1482 | Tree Scales: [0.925, 1.094, 1.482, 1.456]
  Batch 5150/11370 | Loss: 1.4259 | Tree Scales: [0.932, 1.093, 1.475, 1.465]
  Batch 5200/11370 | Loss: 0.9268 | Tree Scales: [0.927, 1.087, 1.476, 1.468]
  Batch 5250/11370 | Loss: 1.5692 | Tree Scales: [0.932, 1.083, 1.470, 1.461]
  Batch 5300/11370 | Loss: 0.3569 | Tree Scales: [0.926, 1.082, 1.460, 1.449]
  Batch 5350/11370 | Loss: 0.7344 | Tree Scales: [0.931, 1.081, 1.456, 1.437]
  Batch 5400/11370 | Loss: 1.3153 | Tree Scales: [0.928, 1.090, 1.461, 1.435]
  Batch 5450/11370 | Loss: 1.8230 | Tree Scales: [0.931, 1.094, 1.469, 1.452]
  Batch 5500/11370 | Loss: 1.6380 | Tree Scales: [0.941, 1.095, 1.455, 1.471]
  Batch 5550/11370 | Loss: 0.6995 | Tree Scales: [0.945, 1.091, 1.451, 1.476]
  Batch 5600/11370 | Loss: 0.5499 | Tree Scales: [0.948, 1.092, 1.451, 1.480]
  Batch 5650/11370 | Loss: 0.9501 | Tree Scales: [0.955, 1.077, 1.453, 1.493]
  Batch 5700/11370 | Loss: 0.8396 | Tree Scales: [0.961, 1.087, 1.449, 1.502]
  Batch 5750/11370 | Loss: 0.4055 | Tree Scales: [0.965, 1.084, 1.455, 1.497]
  Batch 5800/11370 | Loss: 0.4721 | Tree Scales: [0.965, 1.078, 1.456, 1.503]
  Batch 5850/11370 | Loss: 1.0808 | Tree Scales: [0.968, 1.084, 1.454, 1.496]
  Batch 5900/11370 | Loss: 0.5802 | Tree Scales: [0.970, 1.080, 1.465, 1.497]
  Batch 5950/11370 | Loss: 0.6137 | Tree Scales: [0.953, 1.091, 1.468, 1.496]
  Batch 6000/11370 | Loss: 0.4170 | Tree Scales: [0.953, 1.095, 1.459, 1.492]
  Batch 6050/11370 | Loss: 1.0305 | Tree Scales: [0.955, 1.079, 1.444, 1.489]
  Batch 6100/11370 | Loss: 0.8619 | Tree Scales: [0.954, 1.088, 1.443, 1.488]
  Batch 6150/11370 | Loss: 1.0253 | Tree Scales: [0.952, 1.101, 1.443, 1.486]
  Batch 6200/11370 | Loss: 1.0596 | Tree Scales: [0.952, 1.091, 1.436, 1.491]
  Batch 6250/11370 | Loss: 0.8542 | Tree Scales: [0.957, 1.088, 1.417, 1.494]
  Batch 6300/11370 | Loss: 1.0742 | Tree Scales: [0.956, 1.082, 1.418, 1.502]
  Batch 6350/11370 | Loss: 0.6039 | Tree Scales: [0.959, 1.079, 1.423, 1.510]
  Batch 6400/11370 | Loss: 0.5352 | Tree Scales: [0.961, 1.075, 1.429, 1.510]
  Batch 6450/11370 | Loss: 1.3618 | Tree Scales: [0.964, 1.071, 1.437, 1.503]
  Batch 6500/11370 | Loss: 0.5183 | Tree Scales: [0.962, 1.071, 1.449, 1.505]
  Batch 6550/11370 | Loss: 0.6232 | Tree Scales: [0.967, 1.068, 1.444, 1.490]
  Batch 6600/11370 | Loss: 1.0606 | Tree Scales: [0.973, 1.067, 1.450, 1.489]
  Batch 6650/11370 | Loss: 2.1190 | Tree Scales: [0.969, 1.075, 1.450, 1.476]
  Batch 6700/11370 | Loss: 1.3846 | Tree Scales: [0.980, 1.070, 1.455, 1.472]
  Batch 6750/11370 | Loss: 0.4322 | Tree Scales: [0.991, 1.083, 1.456, 1.465]
  Batch 6800/11370 | Loss: 1.2461 | Tree Scales: [1.001, 1.081, 1.461, 1.465]
  Batch 6850/11370 | Loss: 0.6628 | Tree Scales: [1.008, 1.080, 1.464, 1.476]
  Batch 6900/11370 | Loss: 2.4854 | Tree Scales: [1.012, 1.085, 1.464, 1.468]
  Batch 6950/11370 | Loss: 0.8227 | Tree Scales: [1.013, 1.093, 1.462, 1.470]
  Batch 7000/11370 | Loss: 0.8773 | Tree Scales: [1.018, 1.101, 1.457, 1.473]
  Batch 7050/11370 | Loss: 1.1753 | Tree Scales: [1.011, 1.088, 1.447, 1.464]
  Batch 7100/11370 | Loss: 3.0344 | Tree Scales: [1.012, 1.081, 1.449, 1.464]
  Batch 7150/11370 | Loss: 1.8834 | Tree Scales: [1.003, 1.076, 1.438, 1.442]
  Batch 7200/11370 | Loss: 0.6178 | Tree Scales: [1.014, 1.072, 1.428, 1.435]
  Batch 7250/11370 | Loss: 1.1378 | Tree Scales: [1.013, 1.076, 1.425, 1.440]
  Batch 7300/11370 | Loss: 0.4748 | Tree Scales: [1.015, 1.076, 1.422, 1.444]
  Batch 7350/11370 | Loss: 0.8213 | Tree Scales: [1.017, 1.094, 1.421, 1.443]
  Batch 7400/11370 | Loss: 1.9268 | Tree Scales: [1.014, 1.098, 1.415, 1.443]
  Batch 7450/11370 | Loss: 0.6157 | Tree Scales: [1.015, 1.099, 1.384, 1.456]
  Batch 7500/11370 | Loss: 0.8255 | Tree Scales: [1.018, 1.100, 1.396, 1.451]
  Batch 7550/11370 | Loss: 0.4376 | Tree Scales: [1.024, 1.101, 1.384, 1.451]
  Batch 7600/11370 | Loss: 0.8313 | Tree Scales: [1.004, 1.101, 1.400, 1.448]
  Batch 7650/11370 | Loss: 1.3137 | Tree Scales: [1.011, 1.097, 1.410, 1.450]
  Batch 7700/11370 | Loss: 1.5824 | Tree Scales: [1.019, 1.096, 1.410, 1.469]
  Batch 7750/11370 | Loss: 1.4295 | Tree Scales: [1.017, 1.096, 1.403, 1.484]
  Batch 7800/11370 | Loss: 0.6591 | Tree Scales: [1.017, 1.104, 1.398, 1.485]
  Batch 7850/11370 | Loss: 0.7083 | Tree Scales: [1.017, 1.100, 1.402, 1.522]
  Batch 7900/11370 | Loss: 0.6626 | Tree Scales: [1.007, 1.127, 1.400, 1.536]
  Batch 7950/11370 | Loss: 0.7527 | Tree Scales: [1.008, 1.141, 1.398, 1.540]
  Batch 8000/11370 | Loss: 1.5454 | Tree Scales: [1.018, 1.135, 1.399, 1.549]
  Batch 8050/11370 | Loss: 0.6034 | Tree Scales: [1.027, 1.141, 1.391, 1.548]
  Batch 8100/11370 | Loss: 0.9027 | Tree Scales: [1.024, 1.152, 1.393, 1.541]
  Batch 8150/11370 | Loss: 2.5449 | Tree Scales: [1.008, 1.150, 1.371, 1.554]
  Batch 8200/11370 | Loss: 2.3048 | Tree Scales: [1.010, 1.149, 1.361, 1.546]
  Batch 8250/11370 | Loss: 0.5290 | Tree Scales: [1.001, 1.146, 1.355, 1.545]
  Batch 8300/11370 | Loss: 2.2612 | Tree Scales: [0.993, 1.151, 1.365, 1.547]
  Batch 8350/11370 | Loss: 0.5330 | Tree Scales: [0.988, 1.152, 1.373, 1.538]
  Batch 8400/11370 | Loss: 1.9271 | Tree Scales: [0.986, 1.165, 1.374, 1.549]
  Batch 8450/11370 | Loss: 0.7157 | Tree Scales: [0.992, 1.166, 1.362, 1.551]
  Batch 8500/11370 | Loss: 0.7637 | Tree Scales: [0.983, 1.154, 1.349, 1.540]
  Batch 8550/11370 | Loss: 0.9937 | Tree Scales: [0.981, 1.153, 1.351, 1.553]
  Batch 8600/11370 | Loss: 0.5377 | Tree Scales: [0.982, 1.145, 1.332, 1.539]
  Batch 8650/11370 | Loss: 0.4914 | Tree Scales: [0.983, 1.143, 1.326, 1.533]
  Batch 8700/11370 | Loss: 1.3409 | Tree Scales: [0.982, 1.153, 1.327, 1.531]
  Batch 8750/11370 | Loss: 1.1002 | Tree Scales: [0.976, 1.150, 1.324, 1.532]
  Batch 8800/11370 | Loss: 1.1138 | Tree Scales: [0.966, 1.150, 1.325, 1.520]
  Batch 8850/11370 | Loss: 0.6474 | Tree Scales: [0.958, 1.162, 1.330, 1.514]
  Batch 8900/11370 | Loss: 1.0447 | Tree Scales: [0.954, 1.171, 1.328, 1.516]
  Batch 8950/11370 | Loss: 1.3883 | Tree Scales: [0.951, 1.176, 1.322, 1.525]
  Batch 9000/11370 | Loss: 1.2857 | Tree Scales: [0.950, 1.178, 1.313, 1.528]
  Batch 9050/11370 | Loss: 1.1646 | Tree Scales: [0.940, 1.171, 1.311, 1.529]
  Batch 9100/11370 | Loss: 0.5289 | Tree Scales: [0.937, 1.169, 1.304, 1.538]
  Batch 9150/11370 | Loss: 1.9983 | Tree Scales: [0.933, 1.170, 1.306, 1.540]
  Batch 9200/11370 | Loss: 1.6084 | Tree Scales: [0.937, 1.168, 1.297, 1.531]
  Batch 9250/11370 | Loss: 1.6326 | Tree Scales: [0.941, 1.172, 1.293, 1.542]
  Batch 9300/11370 | Loss: 1.2064 | Tree Scales: [0.950, 1.170, 1.297, 1.547]
  Batch 9350/11370 | Loss: 1.6671 | Tree Scales: [0.952, 1.174, 1.296, 1.554]
  Batch 9400/11370 | Loss: 0.6966 | Tree Scales: [0.953, 1.162, 1.318, 1.575]
  Batch 9450/11370 | Loss: 2.0701 | Tree Scales: [0.950, 1.161, 1.319, 1.583]
  Batch 9500/11370 | Loss: 0.8055 | Tree Scales: [0.946, 1.154, 1.317, 1.590]
  Batch 9550/11370 | Loss: 2.0863 | Tree Scales: [0.940, 1.153, 1.309, 1.596]
  Batch 9600/11370 | Loss: 1.2673 | Tree Scales: [0.943, 1.166, 1.309, 1.610]
  Batch 9650/11370 | Loss: 0.7470 | Tree Scales: [0.935, 1.190, 1.313, 1.605]
  Batch 9700/11370 | Loss: 0.6262 | Tree Scales: [0.937, 1.199, 1.324, 1.606]
  Batch 9750/11370 | Loss: 0.8195 | Tree Scales: [0.940, 1.206, 1.333, 1.609]
  Batch 9800/11370 | Loss: 0.9470 | Tree Scales: [0.950, 1.210, 1.328, 1.618]
  Batch 9850/11370 | Loss: 0.8766 | Tree Scales: [0.949, 1.207, 1.332, 1.604]
  Batch 9900/11370 | Loss: 0.7275 | Tree Scales: [0.950, 1.206, 1.328, 1.593]
  Batch 9950/11370 | Loss: 0.5864 | Tree Scales: [0.952, 1.193, 1.322, 1.604]
  Batch 10000/11370 | Loss: 0.8569 | Tree Scales: [0.950, 1.194, 1.318, 1.613]
  Batch 10050/11370 | Loss: 1.2255 | Tree Scales: [0.958, 1.187, 1.322, 1.628]
  Batch 10100/11370 | Loss: 0.8635 | Tree Scales: [0.979, 1.194, 1.334, 1.636]
  Batch 10150/11370 | Loss: 2.3416 | Tree Scales: [0.984, 1.190, 1.328, 1.647]
  Batch 10200/11370 | Loss: 1.0305 | Tree Scales: [0.988, 1.201, 1.312, 1.654]
  Batch 10250/11370 | Loss: 0.3832 | Tree Scales: [0.985, 1.209, 1.296, 1.648]
  Batch 10300/11370 | Loss: 0.7330 | Tree Scales: [0.980, 1.208, 1.305, 1.667]
  Batch 10350/11370 | Loss: 1.6646 | Tree Scales: [0.981, 1.203, 1.308, 1.661]
  Batch 10400/11370 | Loss: 0.6671 | Tree Scales: [0.981, 1.214, 1.331, 1.661]
  Batch 10450/11370 | Loss: 1.0829 | Tree Scales: [0.979, 1.206, 1.337, 1.662]
  Batch 10500/11370 | Loss: 0.9375 | Tree Scales: [0.976, 1.205, 1.347, 1.666]
  Batch 10550/11370 | Loss: 0.7019 | Tree Scales: [0.978, 1.201, 1.359, 1.675]
  Batch 10600/11370 | Loss: 1.0753 | Tree Scales: [0.981, 1.193, 1.366, 1.657]
  Batch 10650/11370 | Loss: 0.5126 | Tree Scales: [0.984, 1.194, 1.369, 1.641]
  Batch 10700/11370 | Loss: 1.2496 | Tree Scales: [0.978, 1.189, 1.355, 1.639]
  Batch 10750/11370 | Loss: 0.7114 | Tree Scales: [0.974, 1.180, 1.365, 1.638]
  Batch 10800/11370 | Loss: 1.0234 | Tree Scales: [0.981, 1.176, 1.363, 1.646]
  Batch 10850/11370 | Loss: 0.8174 | Tree Scales: [0.985, 1.183, 1.354, 1.653]
  Batch 10900/11370 | Loss: 1.0795 | Tree Scales: [0.986, 1.173, 1.362, 1.662]
  Batch 10950/11370 | Loss: 1.8446 | Tree Scales: [0.982, 1.171, 1.363, 1.648]
  Batch 11000/11370 | Loss: 1.0212 | Tree Scales: [0.975, 1.171, 1.353, 1.630]
  Batch 11050/11370 | Loss: 1.5890 | Tree Scales: [0.980, 1.170, 1.362, 1.620]
  Batch 11100/11370 | Loss: 0.5969 | Tree Scales: [0.976, 1.156, 1.361, 1.615]
  Batch 11150/11370 | Loss: 0.4992 | Tree Scales: [0.977, 1.155, 1.365, 1.611]
  Batch 11200/11370 | Loss: 1.1727 | Tree Scales: [0.978, 1.158, 1.375, 1.623]
  Batch 11250/11370 | Loss: 0.9582 | Tree Scales: [0.986, 1.170, 1.376, 1.631]
  Batch 11300/11370 | Loss: 1.4126 | Tree Scales: [0.988, 1.181, 1.380, 1.644]
  Batch 11350/11370 | Loss: 0.6741 | Tree Scales: [0.993, 1.189, 1.369, 1.649]

 -> Epoch 5 training complete. Running validation evaluation...
